<html>
<body>
<pre>
<h1>µVision Build Log</h1>
<h2>Tool Versions:</h2>
IDE-Version: ¦ÌVision V5.28.0.0
Copyright (C) 2019 ARM Ltd and ARM Germany GmbH. All rights reserved.
License Information:  ,  , LIC=DSNLQ-NL4QW-594GZ-JJ3EG-APN1Z-L5ZWN
 
Tool Versions:
Toolchain:       MDK-ARM Professional  Version: 5.28.0.0
Toolchain Path:  C:\Program Files\0Software\Keil_v5\ARM\ARMCC\Bin
C Compiler:      Armcc.exe V5.06 update 6 (build 750)
Assembler:       Armasm.exe V5.06 update 6 (build 750)
Linker/Locator:  ArmLink.exe V5.06 update 6 (build 750)
Library Manager: ArmAr.exe V5.06 update 6 (build 750)
Hex Converter:   FromElf.exe V5.06 update 6 (build 750)
CPU DLL:         SARMCM3.DLL V5.28.0.0
Dialog DLL:      DARMSTM.DLL V1.68.0.0
Target DLL:      STLink\ST-LINKIII-KEIL_SWO.dll V3.0.6.0
Dialog DLL:      TARMSTM.DLL V1.66.0.0
 
<h2>Project:</h2>
D:\OneDrive - nuaa.edu.cn\MyData\ModuleData\¦ÌCOS\Simple Task Scheduler\uCOS-II Demo\Software\EvalBoards\ST\STM3210B-EVAL\RVMDK\OS-Probe\STM3210B-EVAL-OS-Probe.uvprojx
Project File Date:  06/25/2019

<h2>Output:</h2>
*** Using Compiler 'V5.06 update 6 (build 750)', folder: 'C:\Program Files\0Software\Keil_v5\ARM\ARMCC\Bin'
Build target 'Flash'
compiling app.c...
app.c(207): warning:  #177-D: variable "i"  was declared but never referenced
      CPU_INT32U  i;
app.c(208): warning:  #177-D: variable "j"  was declared but never referenced
      CPU_INT32U  j;
app.c(209): warning:  #177-D: variable "dly"  was declared but never referenced
      CPU_INT32U  dly;
app.c: 3 warnings, 0 errors
linking...
Program Size: Code=29018 RO-data=4870 RW-data=196 ZI-data=9200  
FromELF: creating hex file...
".\rvmdk\STM3210B-EVAL-OS-Probe.axf" - 0 Error(s), 3 Warning(s).

<h2>Software Packages used:</h2>

Package Vendor: Keil
                http://www.keil.com/pack/Keil.STM32F1xx_DFP.2.3.0.pack
                Keil.STM32F1xx_DFP.2.3.0
                STMicroelectronics STM32F1 Series Device Support, Drivers and Examples

<h2>Collection of Component include folders:</h2>
  .\RTE\_Flash
  C:\Program Files\0Software\Keil_v5\Arm\Packs\Keil\STM32F1xx_DFP\2.3.0\Device\Include

<h2>Collection of Component Files used:</h2>
Build Time Elapsed:  00:00:01
</pre>
</body>
</html>
