Component: ARM Compiler 5.06 update 6 (build 750) Tool: armlink [4d35ed]

==============================================================================

Section Cross References

    app.o(.text) refers to bsp.o(.text) for BSP_PB_GetStatus
    app.o(.text) refers to os_mbox.o(.text) for OSMboxPost
    app.o(.text) refers to os_time.o(.text) for OSTimeDlyHMSM
    app.o(.text) refers to lib_str.o(.text) for Str_Copy
    app.o(.text) refers to os_core.o(.text) for OSVersion
    app.o(.text) refers to lcd.o(.text) for LCD_SetTextColor
    app.o(.text) refers to os_task.o(.text) for OSTaskCreateExt
    app.o(.text) refers to app.o(.data) for .data
    app.o(.text) refers to app.o(.bss) for .bss
    app.o(.text) refers to os_core.o(.data) for OSCPUUsage
    app.o(.text) refers to os_core.o(.bss) for OSTCBTbl
    app.o(.text) refers to ffltui.o(.text) for __aeabi_ui2f
    app.o(.text) refers to fdiv.o(.text) for __aeabi_fdiv
    app.o(.text) refers to fmul.o(.text) for __aeabi_fmul
    app.o(.text) refers to os_probe.o(.text) for OSProbe_Init
    app.o(.text) refers to probe_com.o(.text) for ProbeCom_Init
    app.o(.text) refers to probe_rs232.o(.text) for ProbeRS232_Init
    app.o(.text) refers to probe_rs232c.o(.text) for ProbeRS232_RxIntEn
    app.o(.text) refers to os_cpu_c.o(.text) for OS_CPU_SysTickInit
    app.o(.text) refers to bsp_int.o(.text) for BSP_IntDisAll
    app.o(.text) refers to probe_com.o(.data) for ProbeCom_RxPktCtr
    vectors.o(VECT) refers to init.o(INIT) for ResetHndlr
    vectors.o(VECT) refers to os_cpu_a.o(.text) for OS_CPU_PendSVHandler
    vectors.o(VECT) refers to os_cpu_c.o(.text) for OS_CPU_SysTickHandler
    vectors.o(VECT) refers to bsp_int.o(.text) for BSP_IntHandlerWWDG
    bsp.o(.text) refers to stm32f10x_rcc.o(.text) for RCC_APB2PeriphClockCmd
    bsp.o(.text) refers to stm32f10x_gpio.o(.text) for GPIO_Init
    bsp.o(.text) refers to stm32f10x_flash.o(.text) for FLASH_SetLatency
    bsp.o(.text) refers to stm32f10x_adc.o(.text) for ADC_GetConversionValue
    bsp.o(.text) refers to stm32f10x_tim.o(.text) for TIM_TimeBaseInit
    lcd.o(.text) refers to stm32f10x_gpio.o(.text) for GPIO_WriteBit
    lcd.o(.text) refers to stm32f10x_spi.o(.text) for SPI_I2S_SendData
    lcd.o(.text) refers to stm32f10x_rcc.o(.text) for RCC_APB2PeriphClockCmd
    lcd.o(.text) refers to lcd.o(.data) for .data
    lcd.o(.text) refers to lcd.o(.constdata) for .constdata
    init.o(INIT) refers to entry.o(.ARM.Collect$$$$00000000) for __main
    bsp_int.o(.text) refers to cpu_c.o(.text) for CPU_IntSrcDis
    bsp_int.o(.text) refers to cpu_a.o(.text) for CPU_IntDis
    bsp_int.o(.text) refers to os_core.o(.text) for OSIntExit
    bsp_int.o(.text) refers to bsp_int.o(.bss) for .bss
    bsp_int.o(.text) refers to os_core.o(.data) for OSIntNesting
    bsp_periph.o(.text) refers to bsp.o(.text) for BSP_CPU_ClkFreq
    stm32f10x_i2c.o(.text) refers to stm32f10x_rcc.o(.text) for RCC_APB1PeriphResetCmd
    stm32f10x_spi.o(.text) refers to stm32f10x_rcc.o(.text) for RCC_APB2PeriphResetCmd
    stm32f10x_rcc.o(.text) refers to stm32f10x_rcc.o(.data) for .data
    stm32f10x_rcc.o(.text) refers to stm32f10x_rcc.o(.constdata) for .constdata
    stm32f10x_adc.o(.text) refers to stm32f10x_rcc.o(.text) for RCC_APB2PeriphResetCmd
    stm32f10x_bkp.o(.text) refers to stm32f10x_rcc.o(.text) for RCC_BackupResetCmd
    stm32f10x_gpio.o(.text) refers to stm32f10x_rcc.o(.text) for RCC_APB2PeriphResetCmd
    stm32f10x_usart.o(.text) refers to stm32f10x_rcc.o(.text) for RCC_APB1PeriphResetCmd
    stm32f10x_tim.o(.text) refers to stm32f10x_rcc.o(.text) for RCC_APB1PeriphResetCmd
    cpu_c.o(.text) refers to cpu_a.o(.text) for CPU_SR_Save
    os_core.o(.text) refers to os_cpu_a.o(.text) for OS_CPU_SR_Save
    os_core.o(.text) refers to os_task.o(.text) for OSTaskStkChk
    os_core.o(.text) refers to os_time.o(.text) for OSTimeDly
    os_core.o(.text) refers to os_core.o(.data) for .data
    os_core.o(.text) refers to os_core.o(.constdata) for .constdata
    os_core.o(.text) refers to os_core.o(.bss) for .bss
    os_core.o(.text) refers to os_cpu_c.o(.text) for OSTaskStatHook
    os_core.o(.text) refers to os_flag.o(.text) for OS_FlagInit
    os_core.o(.text) refers to os_dbg.o(.text) for OSDebugInit
    os_flag.o(.text) refers to os_cpu_a.o(.text) for OS_CPU_SR_Save
    os_flag.o(.text) refers to os_core.o(.text) for OS_Sched
    os_flag.o(.text) refers to os_core.o(.data) for OSIntNesting
    os_flag.o(.text) refers to os_core.o(.data) for OSFlagFreeList
    os_flag.o(.text) refers to os_core.o(.bss) for OSFlagTbl
    os_mbox.o(.text) refers to os_cpu_a.o(.text) for OS_CPU_SR_Save
    os_mbox.o(.text) refers to os_core.o(.text) for OS_EventWaitListInit
    os_mbox.o(.text) refers to os_core.o(.data) for OSIntNesting
    os_sem.o(.text) refers to os_cpu_a.o(.text) for OS_CPU_SR_Save
    os_sem.o(.text) refers to os_core.o(.text) for OS_EventWaitListInit
    os_sem.o(.text) refers to os_core.o(.data) for OSIntNesting
[...]
    os_probe.o(.text) refers to bsp.o(.text) for OSProbe_TmrInit
    os_probe.o(.text) refers to os_cpu_a.o(.text) for OS_CPU_SR_Save
    os_probe.o(.text) refers to os_probe.o(.bss) for .bss
    os_probe.o(.text) refers to os_probe.o(.data) for .data
    os_probe.o(.text) refers to os_core.o(.bss) for OSTCBTbl
    os_probe.o(.text) refers to os_core.o(.data) for OSTCBCur
    probe_com.o(.text) refers to lib_mem_a.o(.text) for Mem_Copy
    probe_com.o(.text) refers to cpu_a.o(.text) for CPU_SR_Save
    probe_com.o(.text) refers to probe_com.o(.data) for .data
    probe_rs232c.o(.text) refers to cpu_a.o(.text) for CPU_SR_Save
    probe_rs232c.o(.text) refers to stm32f10x_usart.o(.text) for USART_GetITStatus
    probe_rs232c.o(.text) refers to probe_rs232.o(.text) for ProbeRS232_RxHandler
    probe_rs232c.o(.text) refers to os_core.o(.text) for OSIntExit
    probe_rs232c.o(.text) refers to bsp_periph.o(.text) for BSP_PeriphEn
    probe_rs232c.o(.text) refers to stm32f10x_gpio.o(.text) for GPIO_Init
    probe_rs232c.o(.text) refers to bsp_int.o(.text) for BSP_IntVectSet
    probe_rs232c.o(.text) refers to os_core.o(.data) for OSIntNesting
    probe_rs232_os.o(.text) refers to probe_rs232.o(.text) for ProbeRS232_Task
    probe_rs232_os.o(.text) refers to os_sem.o(.text) for OSSemCreate
    probe_rs232_os.o(.text) refers to os_core.o(.text) for OSEventNameSet
    probe_rs232_os.o(.text) refers to os_task.o(.text) for OSTaskCreateExt
    probe_rs232_os.o(.text) refers to probe_rs232_os.o(.data) for .data
    probe_rs232_os.o(.text) refers to probe_rs232_os.o(.bss) for .bss
    probe_rs232.o(.text) refers to probe_rs232_os.o(.text) for ProbeRS232_OS_Init
    probe_rs232.o(.text) refers to probe_rs232c.o(.text) for ProbeRS232_InitTarget
    probe_rs232.o(.text) refers to probe_com.o(.text) for ProbeCom_ParseRxPkt
    probe_rs232.o(.text) refers to probe_rs232.o(.data) for .data
    probe_rs232.o(.text) refers to probe_rs232.o(.bss) for .bss
    entry.o(.ARM.Collect$$$$00000000) refers (Special) to entry10a.o(.ARM.Collect$$$$0000000D) for __rt_final_cpp
    entry.o(.ARM.Collect$$$$00000000) refers (Special) to entry11a.o(.ARM.Collect$$$$0000000F) for __rt_final_exit
    entry.o(.ARM.Collect$$$$00000000) refers (Special) to entry7b.o(.ARM.Collect$$$$00000008) for _main_clock
    entry.o(.ARM.Collect$$$$00000000) refers (Special) to entry8b.o(.ARM.Collect$$$$0000000A) for _main_cpp_init
    entry.o(.ARM.Collect$$$$00000000) refers (Special) to entry9a.o(.ARM.Collect$$$$0000000B) for _main_init
    entry.o(.ARM.Collect$$$$00000000) refers (Special) to entry5.o(.ARM.Collect$$$$00000004) for _main_scatterload
    entry.o(.ARM.Collect$$$$00000000) refers (Special) to entry4.o(.ARM.Collect$$$$00000003) for _main_stk
    fmul.o(.text) refers (Special) to iusefp.o(.text) for __I$use$fp
    fdiv.o(.text) refers (Special) to iusefp.o(.text) for __I$use$fp
    fdiv.o(.text) refers to fepilogue.o(.text) for _float_round
    ffltui.o(.text) refers (Special) to iusefp.o(.text) for __I$use$fp
    ffltui.o(.text) refers to fepilogue.o(.text) for _float_epilogue
    entry4.o(.ARM.Collect$$$$00000003) refers to entry4.o(.ARM.Collect$$$$00002714) for __lit__00000000
    entry4.o(__vectab_stack_and_reset_area) refers to entry.o(.ARM.Collect$$$$00000000) for __main
    entry5.o(.ARM.Collect$$$$00000004) refers to init.o(.text) for __scatterload
    entry9a.o(.ARM.Collect$$$$0000000B) refers to app.o(.text) for main
    entry9b.o(.ARM.Collect$$$$0000000C) refers to app.o(.text) for main
    init.o(.text) refers to entry5.o(.ARM.Collect$$$$00000004) for __main_after_scatterload


==============================================================================

Removing Unused input sections from the image.

    Removing stm32f10x_systick.o(.text), (146 bytes).
    Removing stm32f10x_i2c.o(.text), (936 bytes).
    Removing stm32f10x_rtc.o(.text), (284 bytes).
    Removing stm32f10x_bkp.o(.text), (160 bytes).
    Removing os_dbg.o(.constdata), (92 bytes).
    Removing lib_mem.o(.text), (254 bytes).

6 unused section(s) (total 1872 bytes) removed from the image.

==============================================================================

Image Symbol Table

    Local Symbols

    Symbol Name                              Value     Ov Type        Size  Object(Section)

    ../clib/microlib/init/entry.s            0x00000000   Number         0  entry5.o ABSOLUTE
    ../clib/microlib/init/entry.s            0x00000000   Number         0  entry7b.o ABSOLUTE
    ../clib/microlib/init/entry.s            0x00000000   Number         0  entry8a.o ABSOLUTE
    ../clib/microlib/init/entry.s            0x00000000   Number         0  entry11b.o ABSOLUTE
    ../clib/microlib/init/entry.s            0x00000000   Number         0  entry7a.o ABSOLUTE
    ../clib/microlib/init/entry.s            0x00000000   Number         0  entry11a.o ABSOLUTE
    ../clib/microlib/init/entry.s            0x00000000   Number         0  entry10b.o ABSOLUTE
    ../clib/microlib/init/entry.s            0x00000000   Number         0  entry10a.o ABSOLUTE
    ../clib/microlib/init/entry.s            0x00000000   Number         0  entry9b.o ABSOLUTE
    ../clib/microlib/init/entry.s            0x00000000   Number         0  entry9a.o ABSOLUTE
    ../clib/microlib/init/entry.s            0x00000000   Number         0  entry8b.o ABSOLUTE
    ../clib/microlib/init/entry.s            0x00000000   Number         0  entry.o ABSOLUTE
    ../clib/microlib/init/entry.s            0x00000000   Number         0  entry4.o ABSOLUTE
    ../clib/microlib/stubs.s                 0x00000000   Number         0  iusefp.o ABSOLUTE
    ../fplib/microlib/fpdiv.c                0x00000000   Number         0  fdiv.o ABSOLUTE
    ../fplib/microlib/fpepilogue.c           0x00000000   Number         0  fepilogue.o ABSOLUTE
    ../fplib/microlib/fpflt.c                0x00000000   Number         0  ffltui.o ABSOLUTE
    ../fplib/microlib/fpmul.c                0x00000000   Number         0  fmul.o ABSOLUTE
    ..\..\..\..\..\CPU\ST\STM32\src\stm32f10x_adc.c 0x00000000   Number         0  stm32f10x_adc.o ABSOLUTE
    ..\..\..\..\..\CPU\ST\STM32\src\stm32f10x_bkp.c 0x00000000   Number         0  stm32f10x_bkp.o ABSOLUTE
    ..\..\..\..\..\CPU\ST\STM32\src\stm32f10x_flash.c 0x00000000   Number         0  stm32f10x_flash.o ABSOLUTE
    ..\..\..\..\..\CPU\ST\STM32\src\stm32f10x_gpio.c 0x00000000   Number         0  stm32f10x_gpio.o ABSOLUTE
    ..\..\..\..\..\CPU\ST\STM32\src\stm32f10x_i2c.c 0x00000000   Number         0  stm32f10x_i2c.o ABSOLUTE
    ..\..\..\..\..\CPU\ST\STM32\src\stm32f10x_lib.c 0x00000000   Number         0  stm32f10x_lib.o ABSOLUTE
    ..\..\..\..\..\CPU\ST\STM32\src\stm32f10x_rcc.c 0x00000000   Number         0  stm32f10x_rcc.o ABSOLUTE
    ..\..\..\..\..\CPU\ST\STM32\src\stm32f10x_rtc.c 0x00000000   Number         0  stm32f10x_rtc.o ABSOLUTE
    ..\..\..\..\..\CPU\ST\STM32\src\stm32f10x_spi.c 0x00000000   Number         0  stm32f10x_spi.o ABSOLUTE
    ..\..\..\..\..\CPU\ST\STM32\src\stm32f10x_systick.c 0x00000000   Number         0  stm32f10x_systick.o ABSOLUTE
    ..\..\..\..\..\CPU\ST\STM32\src\stm32f10x_tim.c 0x00000000   Number         0  stm32f10x_tim.o ABSOLUTE
    ..\..\..\..\..\CPU\ST\STM32\src\stm32f10x_usart.c 0x00000000   Number         0  stm32f10x_usart.o ABSOLUTE
    ..\..\..\..\..\uC-CPU\ARM-Cortex-M3\RealView\cpu_a.asm 0x00000000   Number         0  cpu_a.o ABSOLUTE
    ..\..\..\..\..\uC-CPU\ARM-Cortex-M3\RealView\cpu_c.c 0x00000000   Number         0  cpu_c.o ABSOLUTE
    ..\..\..\..\..\uC-LIB\Ports\ARM-Cortex-M3\RealView\lib_mem_a.asm 0x00000000   Number         0  lib_mem_a.o ABSOLUTE
    ..\..\..\..\..\uC-LIB\lib_mem.c          0x00000000   Number         0  lib_mem.o ABSOLUTE
    ..\..\..\..\..\uC-LIB\lib_str.c          0x00000000   Number         0  lib_str.o ABSOLUTE
    ..\..\..\..\..\uC-Probe\Target\Communication\Generic\OS\uCOS-II\probe_com_os.c 0x00000000   Number         0  probe_com_os.o ABSOLUTE
    ..\..\..\..\..\uC-Probe\Target\Communication\Generic\RS-232\OS\uCOS-II\probe_rs232_os.c 0x00000000   Number         0  probe_rs232_os.o ABSOLUTE
    ..\..\..\..\..\uC-Probe\Target\Communication\Generic\RS-232\Ports\ST\STM32\probe_rs232c.c 0x00000000   Number         0  probe_rs232c.o ABSOLUTE
    ..\..\..\..\..\uC-Probe\Target\Communication\Generic\RS-232\Source\probe_rs232.c 0x00000000   Number         0  probe_rs232.o ABSOLUTE
    ..\..\..\..\..\uC-Probe\Target\Communication\Generic\Source\probe_com.c 0x00000000   Number         0  probe_com.o ABSOLUTE
    ..\..\..\..\..\uC-Probe\Target\Plugins\uCOS-II\os_probe.c 0x00000000   Number         0  os_probe.o ABSOLUTE
    ..\..\..\..\..\uCOS-II\Ports\ARM-Cortex-M3\Generic\RealView\os_cpu_a.asm 0x00000000   Number         0  os_cpu_a.o ABSOLUTE
    ..\..\..\..\..\uCOS-II\Ports\ARM-Cortex-M3\Generic\RealView\os_cpu_c.c 0x00000000   Number         0  os_cpu_c.o ABSOLUTE
    ..\..\..\..\..\uCOS-II\Ports\ARM-Cortex-M3\Generic\RealView\os_dbg.c 0x00000000   Number         0  os_dbg.o ABSOLUTE
    ..\..\..\..\..\uCOS-II\Source\os_core.c  0x00000000   Number         0  os_core.o ABSOLUTE
    ..\..\..\..\..\uCOS-II\Source\os_flag.c  0x00000000   Number         0  os_flag.o ABSOLUTE
    ..\..\..\..\..\uCOS-II\Source\os_mbox.c  0x00000000   Number         0  os_mbox.o ABSOLUTE
    ..\..\..\..\..\uCOS-II\Source\os_mem.c   0x00000000   Number         0  os_mem.o ABSOLUTE
    ..\..\..\..\..\uCOS-II\Source\os_mutex.c 0x00000000   Number         0  os_mutex.o ABSOLUTE
    ..\..\..\..\..\uCOS-II\Source\os_q.c     0x00000000   Number         0  os_q.o ABSOLUTE
    ..\..\..\..\..\uCOS-II\Source\os_sem.c   0x00000000   Number         0  os_sem.o ABSOLUTE
    ..\..\..\..\..\uCOS-II\Source\os_task.c  0x00000000   Number         0  os_task.o ABSOLUTE
    ..\..\..\..\..\uCOS-II\Source\os_time.c  0x00000000   Number         0  os_time.o ABSOLUTE
    ..\..\..\..\..\uCOS-II\Source\os_tmr.c   0x00000000   Number         0  os_tmr.o ABSOLUTE
    ..\BSP\bsp.c                             0x00000000   Number         0  bsp.o ABSOLUTE
    ..\BSP\bsp_int.c                         0x00000000   Number         0  bsp_int.o ABSOLUTE
    ..\BSP\bsp_periph.c                      0x00000000   Number         0  bsp_periph.o ABSOLUTE
    ..\BSP\init.s                            0x00000000   Number         0  init.o ABSOLUTE
    ..\BSP\lcd.c                             0x00000000   Number         0  lcd.o ABSOLUTE
    app.c                                    0x00000000   Number         0  app.o ABSOLUTE
    dc.s                                     0x00000000   Number         0  dc.o ABSOLUTE
    handlers.s                               0x00000000   Number         0  handlers.o ABSOLUTE
    init.s                                   0x00000000   Number         0  init.o ABSOLUTE
    vectors.s                                0x00000000   Number         0  vectors.o ABSOLUTE
    VECT                                     0x08000000   Section      248  vectors.o(VECT)
    App_NMI_ISR                              0x080000ed   Thumb Code     2  vectors.o(VECT)
    App_Fault_ISR                            0x080000ef   Thumb Code     2  vectors.o(VECT)
    App_MemFault_ISR                         0x080000f1   Thumb Code     2  vectors.o(VECT)
    App_BusFault_ISR                         0x080000f3   Thumb Code     2  vectors.o(VECT)
    App_UsageFault_ISR                       0x080000f5   Thumb Code     2  vectors.o(VECT)
    App_Spurious_ISR                         0x080000f7   Thumb Code     2  vectors.o(VECT)
    .ARM.Collect$$$$00000000                 0x080000f8   Section        0  entry.o(.ARM.Collect$$$$00000000)
    .ARM.Collect$$$$00000003                 0x080000f8   Section        4  entry4.o(.ARM.Collect$$$$00000003)
    .ARM.Collect$$$$00000004                 0x080000fc   Section        4  entry5.o(.ARM.Collect$$$$00000004)
    .ARM.Collect$$$$00000008                 0x08000100   Section        0  entry7b.o(.ARM.Collect$$$$00000008)
    .ARM.Collect$$$$0000000A                 0x08000100   Section        0  entry8b.o(.ARM.Collect$$$$0000000A)
    .ARM.Collect$$$$0000000B                 0x08000100   Section        8  entry9a.o(.ARM.Collect$$$$0000000B)
    .ARM.Collect$$$$0000000D                 0x08000108   Section        0  entry10a.o(.ARM.Collect$$$$0000000D)
    .ARM.Collect$$$$0000000F                 0x08000108   Section        0  entry11a.o(.ARM.Collect$$$$0000000F)
    .ARM.Collect$$$$00002714                 0x08000108   Section        4  entry4.o(.ARM.Collect$$$$00002714)
    __lit__00000000                          0x08000108   Data           4  entry4.o(.ARM.Collect$$$$00002714)
    .text                                    0x0800010c   Section        0  app.o(.text)
    App_TaskKbd                              0x0800010d   Thumb Code    56  app.o(.text)
    App_FormatDec                            0x08000145   Thumb Code   104  app.o(.text)
    App_DispScr_SignOn                       0x080001ad   Thumb Code   344  app.o(.text)
    App_DispScr_TaskNames                    0x08000305   Thumb Code   300  app.o(.text)
    App_TaskUserIF                           0x08000431   Thumb Code    72  app.o(.text)
    App_TaskCreate                           0x08000479   Thumb Code    90  app.o(.text)
    App_EventCreate                          0x080004d3   Thumb Code    22  app.o(.text)
    App_ProbeCallback                        0x080004e9   Thumb Code   590  app.o(.text)
    App_InitProbe                            0x08000737   Thumb Code    38  app.o(.text)
    App_TaskStart                            0x0800075d   Thumb Code    74  app.o(.text)
    .text                                    0x0800082c   Section        0  bsp.o(.text)
    BSP_LED_Init                             0x0800082d   Thumb Code    40  bsp.o(.text)
    .text                                    0x08000b0c   Section        0  lcd.o(.text)
    Delay                                    0x08000b0d   Thumb Code    34  lcd.o(.text)
    StrLength                                0x08000b2f   Thumb Code    18  lcd.o(.text)
    LCD_WriteRegHX8312                       0x08000b45   Thumb Code    80  lcd.o(.text)
    LCD_WriteRegILI9320                      0x08000bfb   Thumb Code    68  lcd.o(.text)
    .text                                    0x08001c18   Section        0  bsp_int.o(.text)
    BSP_IntHandlerDummy                      0x08001c81   Thumb Code     2  bsp_int.o(.text)
    BSP_IntHandler                           0x08001c97   Thumb Code    42  bsp_int.o(.text)
    .text                                    0x08001d78   Section        0  bsp_periph.o(.text)
    .text                                    0x08001f4c   Section        0  stm32f10x_spi.o(.text)
    .text                                    0x08002260   Section        0  stm32f10x_rcc.o(.text)
    .text                                    0x08002574   Section        0  stm32f10x_adc.o(.text)
    .text                                    0x08002920   Section        0  stm32f10x_flash.o(.text)
    .text                                    0x0800295c   Section        0  stm32f10x_gpio.o(.text)
    .text                                    0x08002bf8   Section        0  stm32f10x_usart.o(.text)
    .text                                    0x08002f40   Section        0  stm32f10x_tim.o(.text)
    TI4_Config                               0x08003257   Thumb Code    62  stm32f10x_tim.o(.text)
    TI3_Config                               0x080032a5   Thumb Code    58  stm32f10x_tim.o(.text)
    TI2_Config                               0x080032f7   Thumb Code    66  stm32f10x_tim.o(.text)
    TI1_Config                               0x08003349   Thumb Code    54  stm32f10x_tim.o(.text)
    .text                                    0x08003990   Section       42  cpu_a.o(.text)
    .text                                    0x080039bc   Section        0  cpu_c.o(.text)
    .text                                    0x08003dec   Section        0  os_core.o(.text)
    OS_SchedNew                              0x08003f1d   Thumb Code    24  os_core.o(.text)
    OS_InitTaskStat                          0x08004255   Thumb Code    56  os_core.o(.text)
    OS_InitTaskIdle                          0x080042a3   Thumb Code    56  os_core.o(.text)
    OS_InitEventList                         0x080042ef   Thumb Code    66  os_core.o(.text)
    OS_InitTCBList                           0x08004331   Thumb Code    76  os_core.o(.text)
    OS_InitRdyList                           0x0800437d   Thumb Code    34  os_core.o(.text)
    OS_InitMisc                              0x0800439f   Thumb Code    26  os_core.o(.text)
    .text                                    0x08004824   Section        0  os_flag.o(.text)
    OS_FlagTaskRdy                           0x0800496d   Thumb Code    84  os_flag.o(.text)
    OS_FlagBlock                             0x08004b59   Thumb Code   104  os_flag.o(.text)
    .text                                    0x08004f98   Section        0  os_mbox.o(.text)
    .text                                    0x08005320   Section        0  os_sem.o(.text)
    .text                                    0x08005660   Section        0  os_task.o(.text)
    .text                                    0x08005da4   Section        0  os_time.o(.text)
    .text                                    0x08005f38   Section      164  os_cpu_a.o(.text)
    .text                                    0x08005fdc   Section        0  os_cpu_c.o(.text)
    .text                                    0x080060b8   Section        0  os_dbg.o(.text)
    .text                                    0x080060ba   Section        0  lib_str.o(.text)
    .text                                    0x08006400   Section      544  lib_mem_a.o(.text)
    .text                                    0x08006620   Section        0  os_probe.o(.text)
    OSProbe_Task                             0x08006621   Thumb Code   214  os_probe.o(.text)
    OSProbe_InitOS                           0x080066f7   Thumb Code    54  os_probe.o(.text)
    .text                                    0x080067e0   Section        0  probe_com.o(.text)
    ProbeCom_PktModifier                     0x080067f7   Thumb Code     4  probe_com.o(.text)
    ProbeCom_StoINT8U                        0x080067fb   Thumb Code    10  probe_com.o(.text)
    ProbeCom_StoINT16U                       0x08006805   Thumb Code    24  probe_com.o(.text)
    ProbeCom_CmdErr                          0x0800681d   Thumb Code    48  probe_com.o(.text)
    ProbeCom_CmdMultipleRd                   0x0800684d   Thumb Code   168  probe_com.o(.text)
    ProbeCom_GetINT8U                        0x080068f5   Thumb Code    10  probe_com.o(.text)
    ProbeCom_GetINT16U                       0x080068ff   Thumb Code    30  probe_com.o(.text)
    ProbeCom_GetINT32U                       0x0800691d   Thumb Code    24  probe_com.o(.text)
    ProbeCom_CmdSimpleRd                     0x08006935   Thumb Code   122  probe_com.o(.text)
    ProbeCom_CmdInfo                         0x080069af   Thumb Code    88  probe_com.o(.text)
    ProbeCom_CmdQuery                        0x08006a07   Thumb Code   260  probe_com.o(.text)
    .text                                    0x08006b9c   Section        0  probe_rs232c.o(.text)
    .text                                    0x08006cd8   Section        0  probe_rs232_os.o(.text)
    ProbeRS232_OS_Task                       0x08006cd9   Thumb Code     4  probe_rs232_os.o(.text)
    .text                                    0x08006d5c   Section        0  probe_rs232.o(.text)
    ProbeRS232_TxStart                       0x08006e67   Thumb Code    24  probe_rs232.o(.text)
    ProbeRS232_ParseRxPkt                    0x08006e7f   Thumb Code    30  probe_rs232.o(.text)
    ProbeRS232_RxPkt                         0x08006eb3   Thumb Code     4  probe_rs232.o(.text)
    ProbeRS232_RxStoINT8U                    0x08006eb7   Thumb Code    18  probe_rs232.o(.text)
    ProbeRS232_RxBufClr                      0x08006ec9   Thumb Code     8  probe_rs232.o(.text)
    .text                                    0x08006fb8   Section        0  fmul.o(.text)
    .text                                    0x0800701c   Section        0  fdiv.o(.text)
    .text                                    0x08007098   Section        0  ffltui.o(.text)
    .text                                    0x080070a2   Section        0  iusefp.o(.text)
    .text                                    0x080070a2   Section        0  fepilogue.o(.text)
    .text                                    0x08007110   Section       36  init.o(.text)
    INIT                                     0x08007134   Section        8  init.o(INIT)
    i.__scatterload_copy                     0x0800713c   Section       14  handlers.o(i.__scatterload_copy)
    i.__scatterload_null                     0x0800714a   Section        2  handlers.o(i.__scatterload_null)
    i.__scatterload_zeroinit                 0x0800714c   Section       14  handlers.o(i.__scatterload_zeroinit)
    .constdata                               0x0800715a   Section     4560  lcd.o(.constdata)
    .constdata                               0x0800832a   Section       20  stm32f10x_rcc.o(.constdata)
    ADCPrescTable                            0x0800832a   Data           4  stm32f10x_rcc.o(.constdata)
    APBAHBPrescTable                         0x0800832e   Data          16  stm32f10x_rcc.o(.constdata)
    .constdata                               0x0800833e   Section      256  os_core.o(.constdata)
    .data                                    0x20000000   Section       52  app.o(.data)
    App_ProbeB1                              0x20000000   Data           1  app.o(.data)
    App_ProbeJoystickLeft                    0x20000001   Data           1  app.o(.data)
    App_ProbeJoystickRight                   0x20000002   Data           1  app.o(.data)
    App_ProbeJoystickUp                      0x20000003   Data           1  app.o(.data)
    App_ProbeJoystickDown                    0x20000004   Data           1  app.o(.data)
    App_ProbeJoystickCenter                  0x20000005   Data           1  app.o(.data)
    App_UserIFMbox                           0x20000008   Data           4  app.o(.data)
    App_ProbeComRxPktSpd                     0x2000000c   Data           4  app.o(.data)
    App_ProbeComTxPktSpd                     0x20000010   Data           4  app.o(.data)
    App_ProbeComTxSymSpd                     0x20000014   Data           4  app.o(.data)
    App_ProbeComTxSymByteSpd                 0x20000018   Data           4  app.o(.data)
    App_ProbeComRxPktLast                    0x2000001c   Data           4  app.o(.data)
    App_ProbeComTxPktLast                    0x20000020   Data           4  app.o(.data)
    App_ProbeComTxSymLast                    0x20000024   Data           4  app.o(.data)
    App_ProbeComTxSymByteLast                0x20000028   Data           4  app.o(.data)
    App_ProbeComCtrLast                      0x2000002c   Data           4  app.o(.data)
    App_ProbeCounts                          0x20000030   Data           4  app.o(.data)
    .data                                    0x20000034   Section        8  lcd.o(.data)
    TextColor                                0x20000034   Data           2  lcd.o(.data)
    BackColor                                0x20000036   Data           2  lcd.o(.data)
    LCDType                                  0x20000038   Data           4  lcd.o(.data)
    .data                                    0x2000003c   Section        8  stm32f10x_rcc.o(.data)
    HSEStatus                                0x2000003c   Data           1  stm32f10x_rcc.o(.data)
    StartUpCounter                           0x20000040   Data           4  stm32f10x_rcc.o(.data)
    .data                                    0x20000044   Section       56  os_core.o(.data)
    .data                                    0x2000007c   Section        4  os_core.o(.data)
    .data                                    0x20000080   Section       12  os_probe.o(.data)
    .data                                    0x2000008c   Section       28  probe_com.o(.data)
    ProbeCom_EndiannessTest                  0x200000a0   Data           4  probe_com.o(.data)
    ProbeCom_InfoHndlr                       0x200000a4   Data           4  probe_com.o(.data)
    .data                                    0x200000a8   Section        4  probe_rs232_os.o(.data)
    ProbeRS232_OS_Sem                        0x200000a8   Data           4  probe_rs232_os.o(.data)
    .data                                    0x200000ac   Section       24  probe_rs232.o(.data)
    ProbeRS232_RxState                       0x200000ac   Data           1  probe_rs232.o(.data)
    ProbeRS232_TxState                       0x200000ad   Data           1  probe_rs232.o(.data)
    ProbeRS232_TxActiveFlag                  0x200000ae   Data           1  probe_rs232.o(.data)
    ProbeRS232_TxBufInUse                    0x200000af   Data           1  probe_rs232.o(.data)
    ProbeRS232_RxRemainLen                   0x200000b0   Data           2  probe_rs232.o(.data)
    ProbeRS232_RxLen                         0x200000b2   Data           2  probe_rs232.o(.data)
    ProbeRS232_RxBufWrIx                     0x200000b4   Data           2  probe_rs232.o(.data)
    ProbeRS232_TxLen                         0x200000b6   Data           2  probe_rs232.o(.data)
    ProbeRS232_TxBufRdIx                     0x200000b8   Data           2  probe_rs232.o(.data)
    .bss                                     0x200000c4   Section     2258  app.o(.bss)
    App_TaskStartStk                         0x200000c4   Data         512  app.o(.bss)
    App_TaskUserIFStk                        0x200002c4   Data        1024  app.o(.bss)
    App_TaskKbdStk                           0x200006c4   Data         512  app.o(.bss)
    App_LCDLine0                             0x200008c4   Data          21  app.o(.bss)
    App_LCDLine1                             0x200008d9   Data          21  app.o(.bss)
    App_LCDLine2                             0x200008ee   Data          21  app.o(.bss)
    App_LCDLine3                             0x20000903   Data          21  app.o(.bss)
    App_LCDLine4                             0x20000918   Data          21  app.o(.bss)
    App_LCDLine5                             0x2000092d   Data          21  app.o(.bss)
    App_LCDLine6                             0x20000942   Data          21  app.o(.bss)
    App_LCDLine7                             0x20000957   Data          21  app.o(.bss)
    App_LCDLine8                             0x2000096c   Data          21  app.o(.bss)
    App_LCDLine9                             0x20000981   Data          21  app.o(.bss)
    .bss                                     0x20000998   Section      168  bsp_int.o(.bss)
    BSP_IntVectTbl                           0x20000998   Data         168  bsp_int.o(.bss)
    .bss                                     0x20000a40   Section     3496  os_core.o(.bss)
    .bss                                     0x200017e8   Section      140  os_core.o(.bss)
    .bss                                     0x20001874   Section      832  os_probe.o(.bss)
    cycles_dif                               0x20001874   Data          80  os_probe.o(.bss)
    cycles_tot_last                          0x200018c4   Data          80  os_probe.o(.bss)
    OSProbe_TaskStk                          0x200019b4   Data         512  os_probe.o(.bss)
    .bss                                     0x20001bb4   Section     1024  probe_rs232_os.o(.bss)
    ProbeRS232_OS_TaskStk                    0x20001bb4   Data        1024  probe_rs232_os.o(.bss)
    .bss                                     0x20001fb4   Section      256  probe_rs232.o(.bss)
    ProbeRS232_RxBuf                         0x20001fb4   Data         128  probe_rs232.o(.bss)
    ProbeRS232_TxBuf                         0x20002034   Data         128  probe_rs232.o(.bss)

    Global Symbols

    Symbol Name                              Value     Ov Type        Size  Object(Section)

    BuildAttributes$$THM_ISAv4$P$D$K$B$S$PE$A:L22UL41UL21$X:L11$S22US41US21$IEEE1$IW$USESV6$~STKCKD$USESV7$~SHL$OTIME$ROPI$EBA8$MICROLIB$REQ8$PRES8$EABIv2 0x00000000   Number         0  anon$$obj.o ABSOLUTE
    __ARM_use_no_argv                        0x00000000   Number         0  app.o ABSOLUTE
    __cpp_initialize__aeabi_                  - Undefined Weak Reference
    __cxa_finalize                            - Undefined Weak Reference
    __decompress                              - Undefined Weak Reference
    _clock_init                               - Undefined Weak Reference
    _microlib_exit                            - Undefined Weak Reference
    __main                                   0x080000f9   Thumb Code     0  entry.o(.ARM.Collect$$$$00000000)
    _main_stk                                0x080000f9   Thumb Code     0  entry4.o(.ARM.Collect$$$$00000003)
    _main_scatterload                        0x080000fd   Thumb Code     0  entry5.o(.ARM.Collect$$$$00000004)
    __main_after_scatterload                 0x08000101   Thumb Code     0  entry5.o(.ARM.Collect$$$$00000004)
    _main_clock                              0x08000101   Thumb Code     0  entry7b.o(.ARM.Collect$$$$00000008)
    _main_cpp_init                           0x08000101   Thumb Code     0  entry8b.o(.ARM.Collect$$$$0000000A)
    _main_init                               0x08000101   Thumb Code     0  entry9a.o(.ARM.Collect$$$$0000000B)
    __rt_final_cpp                           0x08000109   Thumb Code     0  entry10a.o(.ARM.Collect$$$$0000000D)
    __rt_final_exit                          0x08000109   Thumb Code     0  entry11a.o(.ARM.Collect$$$$0000000F)
    main                                     0x080007a7   Thumb Code    66  app.o(.text)
    App_TaskCreateHook                       0x080007e9   Thumb Code     4  app.o(.text)
    App_TaskDelHook                          0x080007ed   Thumb Code     2  app.o(.text)
    App_TaskIdleHook                         0x080007ef   Thumb Code     2  app.o(.text)
    App_TaskStatHook                         0x080007f1   Thumb Code     2  app.o(.text)
    App_TaskSwHook                           0x080007f3   Thumb Code     4  app.o(.text)
    App_TCBInitHook                          0x080007f7   Thumb Code     2  app.o(.text)
    App_TimeTickHook                         0x080007f9   Thumb Code     4  app.o(.text)
    BSP_Init                                 0x08000855   Thumb Code   106  bsp.o(.text)
    BSP_CPU_ClkFreq                          0x080008bf   Thumb Code    16  bsp.o(.text)
    OS_CPU_SysTickClkFreq                    0x080008cf   Thumb Code     2  bsp.o(.text)
    BSP_ADC_GetStatus                        0x080008d1   Thumb Code    16  bsp.o(.text)
    BSP_PB_GetStatus                         0x080008e1   Thumb Code    66  bsp.o(.text)
    BSP_Joystick_GetStatus                   0x08000923   Thumb Code    86  bsp.o(.text)
    BSP_LED_On                               0x08000979   Thumb Code    56  bsp.o(.text)
    BSP_LED_Off                              0x080009b1   Thumb Code    56  bsp.o(.text)
    BSP_LED_Toggle                           0x080009e9   Thumb Code   182  bsp.o(.text)
    OSProbe_TmrInit                          0x08000a9f   Thumb Code    76  bsp.o(.text)
    OSProbe_TmrRd                            0x08000aeb   Thumb Code     8  bsp.o(.text)
    LCD_CtrlLinesWrite                       0x08000b41   Thumb Code     4  lcd.o(.text)
    LCD_nCS_StartByte                        0x08000b95   Thumb Code    38  lcd.o(.text)
    LCD_WriteRegIndex                        0x08000bbb   Thumb Code    64  lcd.o(.text)
    LCD_WriteReg                             0x08000c3f   Thumb Code    32  lcd.o(.text)
    LCD_SPIConfig                            0x08000c5f   Thumb Code   164  lcd.o(.text)
    LCD_CtrlLinesConfig                      0x08000d03   Thumb Code    68  lcd.o(.text)
    LCD_Setup                                0x08000d47   Thumb Code  1256  lcd.o(.text)
    LCD_ReadReg                              0x0800122f   Thumb Code   184  lcd.o(.text)
    STM3210B_LCD_Init                        0x080012e7   Thumb Code    38  lcd.o(.text)
    LCD_SetTextColor                         0x0800130d   Thumb Code    14  lcd.o(.text)
    LCD_SetBackColor                         0x0800131b   Thumb Code    14  lcd.o(.text)
    LCD_SetCursor                            0x08001329   Thumb Code    74  lcd.o(.text)
    LCD_WriteRAM                             0x08001373   Thumb Code   140  lcd.o(.text)
    LCD_WriteRAM_Prepare                     0x080013ff   Thumb Code    18  lcd.o(.text)
    LCD_DrawChar                             0x08001411   Thumb Code   116  lcd.o(.text)
    LCD_DisplayChar                          0x08001485   Thumb Code    16  lcd.o(.text)
    LCD_DisplayStringLine                    0x08001495   Thumb Code    48  lcd.o(.text)
    LCD_ClearLine                            0x080014c5   Thumb Code     4  lcd.o(.text)
    LCD_Clear                                0x080014c9   Thumb Code    72  lcd.o(.text)
    LCD_DisplayString                        0x08001511   Thumb Code   188  lcd.o(.text)
    LCD_SetDisplayWindow                     0x080015cd   Thumb Code   260  lcd.o(.text)
    LCD_WindowModeDisable                    0x080016d1   Thumb Code    74  lcd.o(.text)
    LCD_WriteRAMWord                         0x0800171b   Thumb Code    28  lcd.o(.text)
    LCD_DrawLine                             0x08001737   Thumb Code   136  lcd.o(.text)
    LCD_DrawRect                             0x080017bf   Thumb Code    68  lcd.o(.text)
    LCD_DrawCircle                           0x08001803   Thumb Code   508  lcd.o(.text)
    LCD_DrawMonoPict                         0x080019ff   Thumb Code   104  lcd.o(.text)
    LCD_PowerOn                              0x08001a67   Thumb Code   276  lcd.o(.text)
    LCD_DisplayOn                            0x08001b7b   Thumb Code    90  lcd.o(.text)
    LCD_DisplayOff                           0x08001bd5   Thumb Code    64  lcd.o(.text)
    BSP_IntClr                               0x08001c19   Thumb Code     2  bsp_int.o(.text)
    BSP_IntDis                               0x08001c1b   Thumb Code    14  bsp_int.o(.text)
    BSP_IntDisAll                            0x08001c29   Thumb Code     4  bsp_int.o(.text)
    BSP_IntEn                                0x08001c2d   Thumb Code    14  bsp_int.o(.text)
    BSP_IntVectSet                           0x08001c3b   Thumb Code    30  bsp_int.o(.text)
    BSP_IntPrioSet                           0x08001c59   Thumb Code    40  bsp_int.o(.text)
    BSP_IntInit                              0x08001c83   Thumb Code    20  bsp_int.o(.text)
    BSP_IntHandlerWWDG                       0x08001cc1   Thumb Code     4  bsp_int.o(.text)
    BSP_IntHandlerPVD                        0x08001cc5   Thumb Code     4  bsp_int.o(.text)
    BSP_IntHandlerTAMPER                     0x08001cc9   Thumb Code     4  bsp_int.o(.text)
    BSP_IntHandlerRTC                        0x08001ccd   Thumb Code     4  bsp_int.o(.text)
    BSP_IntHandlerFLASH                      0x08001cd1   Thumb Code     4  bsp_int.o(.text)
    BSP_IntHandlerRCC                        0x08001cd5   Thumb Code     4  bsp_int.o(.text)
    BSP_IntHandlerEXTI0                      0x08001cd9   Thumb Code     4  bsp_int.o(.text)
    BSP_IntHandlerEXTI1                      0x08001cdd   Thumb Code     4  bsp_int.o(.text)
    BSP_IntHandlerEXTI2                      0x08001ce1   Thumb Code     4  bsp_int.o(.text)
    BSP_IntHandlerEXTI3                      0x08001ce5   Thumb Code     4  bsp_int.o(.text)
    BSP_IntHandlerEXTI4                      0x08001ce9   Thumb Code     4  bsp_int.o(.text)
    BSP_IntHandlerDMA1_CH1                   0x08001ced   Thumb Code     4  bsp_int.o(.text)
    BSP_IntHandlerDMA1_CH2                   0x08001cf1   Thumb Code     4  bsp_int.o(.text)
    BSP_IntHandlerDMA1_CH3                   0x08001cf5   Thumb Code     4  bsp_int.o(.text)
    BSP_IntHandlerDMA1_CH4                   0x08001cf9   Thumb Code     4  bsp_int.o(.text)
    BSP_IntHandlerDMA1_CH5                   0x08001cfd   Thumb Code     4  bsp_int.o(.text)
    BSP_IntHandlerDMA1_CH6                   0x08001d01   Thumb Code     4  bsp_int.o(.text)
    BSP_IntHandlerDMA1_CH7                   0x08001d05   Thumb Code     4  bsp_int.o(.text)
    BSP_IntHandlerADC1_2                     0x08001d09   Thumb Code     4  bsp_int.o(.text)
    BSP_IntHandlerUSB_HP_CAN_TX              0x08001d0d   Thumb Code     4  bsp_int.o(.text)
    BSP_IntHandlerUSB_LP_CAN_RX0             0x08001d11   Thumb Code     4  bsp_int.o(.text)
    BSP_IntHandlerCAN_RX1                    0x08001d15   Thumb Code     4  bsp_int.o(.text)
    BSP_IntHandlerCAN_SCE                    0x08001d19   Thumb Code     4  bsp_int.o(.text)
    BSP_IntHandlerEXTI9_5                    0x08001d1d   Thumb Code     4  bsp_int.o(.text)
    BSP_IntHandlerTIM1_BRK                   0x08001d21   Thumb Code     4  bsp_int.o(.text)
    BSP_IntHandlerTIM1_UP                    0x08001d25   Thumb Code     4  bsp_int.o(.text)
    BSP_IntHandlerTIM1_TRG_COM               0x08001d29   Thumb Code     4  bsp_int.o(.text)
    BSP_IntHandlerTIM1_CC                    0x08001d2d   Thumb Code     4  bsp_int.o(.text)
    BSP_IntHandlerTIM2                       0x08001d31   Thumb Code     4  bsp_int.o(.text)
    BSP_IntHandlerTIM3                       0x08001d35   Thumb Code     4  bsp_int.o(.text)
    BSP_IntHandlerTIM4                       0x08001d39   Thumb Code     4  bsp_int.o(.text)
    BSP_IntHandlerI2C1_EV                    0x08001d3d   Thumb Code     4  bsp_int.o(.text)
    BSP_IntHandlerI2C1_ER                    0x08001d41   Thumb Code     4  bsp_int.o(.text)
    BSP_IntHandlerI2C2_EV                    0x08001d45   Thumb Code     4  bsp_int.o(.text)
    BSP_IntHandlerI2C2_ER                    0x08001d49   Thumb Code     4  bsp_int.o(.text)
    BSP_IntHandlerSPI1                       0x08001d4d   Thumb Code     4  bsp_int.o(.text)
    BSP_IntHandlerSPI2                       0x08001d51   Thumb Code     4  bsp_int.o(.text)
    BSP_IntHandlerUSART1                     0x08001d55   Thumb Code     4  bsp_int.o(.text)
    BSP_IntHandlerUSART2                     0x08001d59   Thumb Code     4  bsp_int.o(.text)
    BSP_IntHandlerUSART3                     0x08001d5d   Thumb Code     4  bsp_int.o(.text)
    BSP_IntHandlerEXTI15_10                  0x08001d61   Thumb Code     4  bsp_int.o(.text)
    BSP_IntHandlerRTCAlarm                   0x08001d65   Thumb Code     4  bsp_int.o(.text)
    BSP_IntHandlerUSBWakeUp                  0x08001d69   Thumb Code     4  bsp_int.o(.text)
    BSP_PeriphClkFreqGet                     0x08001d79   Thumb Code   170  bsp_periph.o(.text)
    BSP_PeriphEn                             0x08001e23   Thumb Code   144  bsp_periph.o(.text)
    BSP_PeriphDis                            0x08001eb3   Thumb Code   150  bsp_periph.o(.text)
    SPI_I2S_DeInit                           0x08001f4d   Thumb Code    92  stm32f10x_spi.o(.text)
    SPI_Init                                 0x08001fa9   Thumb Code    84  stm32f10x_spi.o(.text)
    I2S_Init                                 0x08001ffd   Thumb Code   172  stm32f10x_spi.o(.text)
    SPI_StructInit                           0x080020a9   Thumb Code    24  stm32f10x_spi.o(.text)
    I2S_StructInit                           0x080020c1   Thumb Code    18  stm32f10x_spi.o(.text)
    SPI_Cmd                                  0x080020d3   Thumb Code    24  stm32f10x_spi.o(.text)
    I2S_Cmd                                  0x080020eb   Thumb Code    24  stm32f10x_spi.o(.text)
    SPI_I2S_ITConfig                         0x08002103   Thumb Code    32  stm32f10x_spi.o(.text)
    SPI_I2S_DMACmd                           0x08002123   Thumb Code    22  stm32f10x_spi.o(.text)
    SPI_I2S_SendData                         0x08002139   Thumb Code     4  stm32f10x_spi.o(.text)
    SPI_I2S_ReceiveData                      0x0800213d   Thumb Code     4  stm32f10x_spi.o(.text)
    SPI_NSSInternalSoftwareConfig            0x08002141   Thumb Code    28  stm32f10x_spi.o(.text)
    SPI_SSOutputCmd                          0x0800215d   Thumb Code    24  stm32f10x_spi.o(.text)
    SPI_DataSizeConfig                       0x08002175   Thumb Code    16  stm32f10x_spi.o(.text)
    SPI_TransmitCRC                          0x08002185   Thumb Code    10  stm32f10x_spi.o(.text)
    SPI_CalculateCRC                         0x0800218f   Thumb Code    24  stm32f10x_spi.o(.text)
    SPI_GetCRC                               0x080021a7   Thumb Code    12  stm32f10x_spi.o(.text)
    SPI_GetCRCPolynomial                     0x080021b3   Thumb Code     4  stm32f10x_spi.o(.text)
    SPI_BiDirectionalLineConfig              0x080021b7   Thumb Code    26  stm32f10x_spi.o(.text)
    SPI_I2S_GetFlagStatus                    0x080021d1   Thumb Code    14  stm32f10x_spi.o(.text)
    SPI_I2S_ClearFlag                        0x080021df   Thumb Code    34  stm32f10x_spi.o(.text)
    SPI_I2S_GetITStatus                      0x08002201   Thumb Code    46  stm32f10x_spi.o(.text)
    SPI_I2S_ClearITPendingBit                0x0800222f   Thumb Code    44  stm32f10x_spi.o(.text)
    RCC_DeInit                               0x08002261   Thumb Code    52  stm32f10x_rcc.o(.text)
    RCC_HSEConfig                            0x08002295   Thumb Code    50  stm32f10x_rcc.o(.text)
    RCC_GetFlagStatus                        0x080022c7   Thumb Code    44  stm32f10x_rcc.o(.text)
    RCC_WaitForHSEStartUp                    0x080022f3   Thumb Code    48  stm32f10x_rcc.o(.text)
    RCC_AdjustHSICalibrationValue            0x08002323   Thumb Code    16  stm32f10x_rcc.o(.text)
    RCC_HSICmd                               0x08002333   Thumb Code     6  stm32f10x_rcc.o(.text)
    RCC_PLLConfig                            0x08002339   Thumb Code    16  stm32f10x_rcc.o(.text)
    RCC_PLLCmd                               0x08002349   Thumb Code     6  stm32f10x_rcc.o(.text)
    RCC_SYSCLKConfig                         0x0800234f   Thumb Code    14  stm32f10x_rcc.o(.text)
    RCC_GetSYSCLKSource                      0x0800235d   Thumb Code    10  stm32f10x_rcc.o(.text)
    RCC_HCLKConfig                           0x08002367   Thumb Code    14  stm32f10x_rcc.o(.text)
    RCC_PCLK1Config                          0x08002375   Thumb Code    14  stm32f10x_rcc.o(.text)
    RCC_PCLK2Config                          0x08002383   Thumb Code    16  stm32f10x_rcc.o(.text)
    RCC_ITConfig                             0x08002393   Thumb Code    24  stm32f10x_rcc.o(.text)
    RCC_USBCLKConfig                         0x080023ab   Thumb Code     6  stm32f10x_rcc.o(.text)
    RCC_ADCCLKConfig                         0x080023b1   Thumb Code    14  stm32f10x_rcc.o(.text)
    RCC_LSEConfig                            0x080023bf   Thumb Code    36  stm32f10x_rcc.o(.text)
    RCC_LSICmd                               0x080023e3   Thumb Code     6  stm32f10x_rcc.o(.text)
    RCC_RTCCLKConfig                         0x080023e9   Thumb Code    10  stm32f10x_rcc.o(.text)
    RCC_RTCCLKCmd                            0x080023f3   Thumb Code     6  stm32f10x_rcc.o(.text)
    RCC_GetClocksFreq                        0x080023f9   Thumb Code   164  stm32f10x_rcc.o(.text)
    RCC_AHBPeriphClockCmd                    0x0800249d   Thumb Code    24  stm32f10x_rcc.o(.text)
    RCC_APB2PeriphClockCmd                   0x080024b5   Thumb Code    24  stm32f10x_rcc.o(.text)
    RCC_APB1PeriphClockCmd                   0x080024cd   Thumb Code    24  stm32f10x_rcc.o(.text)
    RCC_APB2PeriphResetCmd                   0x080024e5   Thumb Code    24  stm32f10x_rcc.o(.text)
    RCC_APB1PeriphResetCmd                   0x080024fd   Thumb Code    24  stm32f10x_rcc.o(.text)
    RCC_BackupResetCmd                       0x08002515   Thumb Code     6  stm32f10x_rcc.o(.text)
    RCC_ClockSecuritySystemCmd               0x0800251b   Thumb Code     6  stm32f10x_rcc.o(.text)
    RCC_MCOConfig                            0x08002521   Thumb Code     6  stm32f10x_rcc.o(.text)
    RCC_ClearFlag                            0x08002527   Thumb Code    12  stm32f10x_rcc.o(.text)
    RCC_GetITStatus                          0x08002533   Thumb Code    16  stm32f10x_rcc.o(.text)
    RCC_ClearITPendingBit                    0x08002543   Thumb Code     6  stm32f10x_rcc.o(.text)
    ADC_DeInit                               0x08002575   Thumb Code    92  stm32f10x_adc.o(.text)
    ADC_Init                                 0x080025d1   Thumb Code    72  stm32f10x_adc.o(.text)
    ADC_StructInit                           0x08002619   Thumb Code    18  stm32f10x_adc.o(.text)
    ADC_Cmd                                  0x0800262b   Thumb Code    24  stm32f10x_adc.o(.text)
    ADC_DMACmd                               0x08002643   Thumb Code    24  stm32f10x_adc.o(.text)
    ADC_ITConfig                             0x0800265b   Thumb Code    24  stm32f10x_adc.o(.text)
    ADC_ResetCalibration                     0x08002673   Thumb Code    10  stm32f10x_adc.o(.text)
    ADC_GetResetCalibrationStatus            0x0800267d   Thumb Code    16  stm32f10x_adc.o(.text)
    ADC_StartCalibration                     0x0800268d   Thumb Code    10  stm32f10x_adc.o(.text)
    ADC_GetCalibrationStatus                 0x08002697   Thumb Code    16  stm32f10x_adc.o(.text)
    ADC_SoftwareStartConvCmd                 0x080026a7   Thumb Code    24  stm32f10x_adc.o(.text)
    ADC_GetSoftwareStartConvStatus           0x080026bf   Thumb Code    16  stm32f10x_adc.o(.text)
    ADC_DiscModeChannelCountConfig           0x080026cf   Thumb Code    16  stm32f10x_adc.o(.text)
    ADC_DiscModeCmd                          0x080026df   Thumb Code    24  stm32f10x_adc.o(.text)
    ADC_RegularChannelConfig                 0x080026f7   Thumb Code   144  stm32f10x_adc.o(.text)
    ADC_ExternalTrigConvCmd                  0x08002787   Thumb Code    24  stm32f10x_adc.o(.text)
    ADC_GetConversionValue                   0x0800279f   Thumb Code     6  stm32f10x_adc.o(.text)
    ADC_GetDualModeConversionValue           0x080027a5   Thumb Code     6  stm32f10x_adc.o(.text)
    ADC_AutoInjectedConvCmd                  0x080027ab   Thumb Code    24  stm32f10x_adc.o(.text)
    ADC_InjectedDiscModeCmd                  0x080027c3   Thumb Code    24  stm32f10x_adc.o(.text)
    ADC_ExternalTrigInjectedConvConfig       0x080027db   Thumb Code    12  stm32f10x_adc.o(.text)
    ADC_ExternalTrigInjectedConvCmd          0x080027e7   Thumb Code    24  stm32f10x_adc.o(.text)
    ADC_SoftwareStartInjectedConvCmd         0x080027ff   Thumb Code    24  stm32f10x_adc.o(.text)
    ADC_GetSoftwareStartInjectedConvCmdStatus 0x08002817   Thumb Code    16  stm32f10x_adc.o(.text)
    ADC_InjectedChannelConfig                0x08002827   Thumb Code    92  stm32f10x_adc.o(.text)
    ADC_InjectedSequencerLengthConfig        0x08002883   Thumb Code    16  stm32f10x_adc.o(.text)
    ADC_SetInjectedOffset                    0x08002893   Thumb Code     4  stm32f10x_adc.o(.text)
    ADC_GetInjectedConversionValue           0x08002897   Thumb Code     8  stm32f10x_adc.o(.text)
    ADC_AnalogWatchdogCmd                    0x0800289f   Thumb Code    16  stm32f10x_adc.o(.text)
    ADC_AnalogWatchdogThresholdsConfig       0x080028af   Thumb Code     6  stm32f10x_adc.o(.text)
    ADC_AnalogWatchdogSingleChannelConfig    0x080028b5   Thumb Code    12  stm32f10x_adc.o(.text)
    ADC_TempSensorVrefintCmd                 0x080028c1   Thumb Code    26  stm32f10x_adc.o(.text)
    ADC_GetFlagStatus                        0x080028db   Thumb Code    14  stm32f10x_adc.o(.text)
    ADC_ClearFlag                            0x080028e9   Thumb Code     6  stm32f10x_adc.o(.text)
    ADC_GetITStatus                          0x080028ef   Thumb Code    28  stm32f10x_adc.o(.text)
    ADC_ClearITPendingBit                    0x0800290b   Thumb Code     8  stm32f10x_adc.o(.text)
    FLASH_SetLatency                         0x08002921   Thumb Code    18  stm32f10x_flash.o(.text)
    FLASH_HalfCycleAccessCmd                 0x08002933   Thumb Code    18  stm32f10x_flash.o(.text)
    FLASH_PrefetchBufferCmd                  0x08002945   Thumb Code    18  stm32f10x_flash.o(.text)
    GPIO_DeInit                              0x0800295d   Thumb Code   196  stm32f10x_gpio.o(.text)
    GPIO_AFIODeInit                          0x08002a21   Thumb Code    22  stm32f10x_gpio.o(.text)
    GPIO_Init                                0x08002a37   Thumb Code   184  stm32f10x_gpio.o(.text)
    GPIO_StructInit                          0x08002aef   Thumb Code    16  stm32f10x_gpio.o(.text)
    GPIO_ReadInputDataBit                    0x08002aff   Thumb Code    14  stm32f10x_gpio.o(.text)
    GPIO_ReadInputData                       0x08002b0d   Thumb Code     6  stm32f10x_gpio.o(.text)
    GPIO_ReadOutputDataBit                   0x08002b13   Thumb Code    14  stm32f10x_gpio.o(.text)
    GPIO_ReadOutputData                      0x08002b21   Thumb Code     6  stm32f10x_gpio.o(.text)
    GPIO_SetBits                             0x08002b27   Thumb Code     4  stm32f10x_gpio.o(.text)
    GPIO_ResetBits                           0x08002b2b   Thumb Code     4  stm32f10x_gpio.o(.text)
    GPIO_WriteBit                            0x08002b2f   Thumb Code    12  stm32f10x_gpio.o(.text)
    GPIO_Write                               0x08002b3b   Thumb Code     4  stm32f10x_gpio.o(.text)
    GPIO_PinLockConfig                       0x08002b3f   Thumb Code    16  stm32f10x_gpio.o(.text)
    GPIO_EventOutputConfig                   0x08002b4f   Thumb Code    22  stm32f10x_gpio.o(.text)
    GPIO_EventOutputCmd                      0x08002b65   Thumb Code     6  stm32f10x_gpio.o(.text)
    GPIO_PinRemapConfig                      0x08002b6b   Thumb Code    88  stm32f10x_gpio.o(.text)
    GPIO_EXTILineConfig                      0x08002bc3   Thumb Code    40  stm32f10x_gpio.o(.text)
    USART_DeInit                             0x08002bf9   Thumb Code   152  stm32f10x_usart.o(.text)
    USART_Init                               0x08002c91   Thumb Code   142  stm32f10x_usart.o(.text)
    USART_StructInit                         0x08002d1f   Thumb Code    22  stm32f10x_usart.o(.text)
    USART_ClockInit                          0x08002d35   Thumb Code    36  stm32f10x_usart.o(.text)
    USART_ClockStructInit                    0x08002d59   Thumb Code    12  stm32f10x_usart.o(.text)
    USART_Cmd                                0x08002d65   Thumb Code    24  stm32f10x_usart.o(.text)
    USART_ITConfig                           0x08002d7d   Thumb Code    54  stm32f10x_usart.o(.text)
    USART_DMACmd                             0x08002db3   Thumb Code    22  stm32f10x_usart.o(.text)
    USART_SetAddress                         0x08002dc9   Thumb Code    16  stm32f10x_usart.o(.text)
    USART_WakeUpConfig                       0x08002dd9   Thumb Code    16  stm32f10x_usart.o(.text)
    USART_ReceiverWakeUpCmd                  0x08002de9   Thumb Code    24  stm32f10x_usart.o(.text)
    USART_LINBreakDetectLengthConfig         0x08002e01   Thumb Code    16  stm32f10x_usart.o(.text)
    USART_LINCmd                             0x08002e11   Thumb Code    24  stm32f10x_usart.o(.text)
    USART_SendData                           0x08002e29   Thumb Code     8  stm32f10x_usart.o(.text)
    USART_ReceiveData                        0x08002e31   Thumb Code     8  stm32f10x_usart.o(.text)
    USART_SendBreak                          0x08002e39   Thumb Code    10  stm32f10x_usart.o(.text)
    USART_SetGuardTime                       0x08002e43   Thumb Code    16  stm32f10x_usart.o(.text)
    USART_SetPrescaler                       0x08002e53   Thumb Code    16  stm32f10x_usart.o(.text)
    USART_SmartCardCmd                       0x08002e63   Thumb Code    24  stm32f10x_usart.o(.text)
    USART_SmartCardNACKCmd                   0x08002e7b   Thumb Code    24  stm32f10x_usart.o(.text)
    USART_HalfDuplexCmd                      0x08002e93   Thumb Code    24  stm32f10x_usart.o(.text)
    USART_IrDAConfig                         0x08002eab   Thumb Code    16  stm32f10x_usart.o(.text)
    USART_IrDACmd                            0x08002ebb   Thumb Code    24  stm32f10x_usart.o(.text)
    USART_GetFlagStatus                      0x08002ed3   Thumb Code    14  stm32f10x_usart.o(.text)
    USART_ClearFlag                          0x08002ee1   Thumb Code     6  stm32f10x_usart.o(.text)
    USART_GetITStatus                        0x08002ee7   Thumb Code    68  stm32f10x_usart.o(.text)
    USART_ClearITPendingBit                  0x08002f2b   Thumb Code    14  stm32f10x_usart.o(.text)
    TIM_DeInit                               0x08002f41   Thumb Code   224  stm32f10x_tim.o(.text)
    TIM_TimeBaseInit                         0x08003021   Thumb Code    58  stm32f10x_tim.o(.text)
    TIM_OC1Init                              0x0800305b   Thumb Code   108  stm32f10x_tim.o(.text)
    TIM_OC2Init                              0x080030c7   Thumb Code   136  stm32f10x_tim.o(.text)
    TIM_OC3Init                              0x0800314f   Thumb Code   134  stm32f10x_tim.o(.text)
    TIM_OC4Init                              0x080031d5   Thumb Code   106  stm32f10x_tim.o(.text)
    TIM_SetIC4Prescaler                      0x0800323f   Thumb Code    24  stm32f10x_tim.o(.text)
    TIM_SetIC3Prescaler                      0x08003295   Thumb Code    16  stm32f10x_tim.o(.text)
    TIM_SetIC2Prescaler                      0x080032df   Thumb Code    24  stm32f10x_tim.o(.text)
    TIM_SetIC1Prescaler                      0x08003339   Thumb Code    16  stm32f10x_tim.o(.text)
    TIM_ICInit                               0x0800337f   Thumb Code   100  stm32f10x_tim.o(.text)
    TIM_PWMIConfig                           0x080033e3   Thumb Code   106  stm32f10x_tim.o(.text)
    TIM_BDTRConfig                           0x0800344d   Thumb Code    36  stm32f10x_tim.o(.text)
    TIM_TimeBaseStructInit                   0x08003471   Thumb Code    18  stm32f10x_tim.o(.text)
    TIM_OCStructInit                         0x08003483   Thumb Code    20  stm32f10x_tim.o(.text)
    TIM_ICStructInit                         0x08003497   Thumb Code    16  stm32f10x_tim.o(.text)
    TIM_BDTRStructInit                       0x080034a7   Thumb Code    18  stm32f10x_tim.o(.text)
    TIM_Cmd                                  0x080034b9   Thumb Code    28  stm32f10x_tim.o(.text)
    TIM_CtrlPWMOutputs                       0x080034d5   Thumb Code    32  stm32f10x_tim.o(.text)
    TIM_ITConfig                             0x080034f5   Thumb Code    22  stm32f10x_tim.o(.text)
    TIM_GenerateEvent                        0x0800350b   Thumb Code     4  stm32f10x_tim.o(.text)
    TIM_DMAConfig                            0x0800350f   Thumb Code     8  stm32f10x_tim.o(.text)
    TIM_DMACmd                               0x08003517   Thumb Code    22  stm32f10x_tim.o(.text)
    TIM_InternalClockConfig                  0x0800352d   Thumb Code    10  stm32f10x_tim.o(.text)
    TIM_SelectInputTrigger                   0x08003537   Thumb Code    12  stm32f10x_tim.o(.text)
    TIM_ITRxExternalClockConfig              0x08003543   Thumb Code    20  stm32f10x_tim.o(.text)
    TIM_TIxExternalClockConfig               0x08003557   Thumb Code    48  stm32f10x_tim.o(.text)
    TIM_ETRConfig                            0x08003587   Thumb Code    28  stm32f10x_tim.o(.text)
    TIM_ETRClockMode1Config                  0x080035a3   Thumb Code    32  stm32f10x_tim.o(.text)
    TIM_ETRClockMode2Config                  0x080035c3   Thumb Code    20  stm32f10x_tim.o(.text)
    TIM_PrescalerConfig                      0x080035d7   Thumb Code     6  stm32f10x_tim.o(.text)
    TIM_CounterModeConfig                    0x080035dd   Thumb Code    16  stm32f10x_tim.o(.text)
    TIM_EncoderInterfaceConfig               0x080035ed   Thumb Code    60  stm32f10x_tim.o(.text)
    TIM_ForcedOC1Config                      0x08003629   Thumb Code    12  stm32f10x_tim.o(.text)
    TIM_ForcedOC2Config                      0x08003635   Thumb Code    20  stm32f10x_tim.o(.text)
    TIM_ForcedOC3Config                      0x08003649   Thumb Code    12  stm32f10x_tim.o(.text)
    TIM_ForcedOC4Config                      0x08003655   Thumb Code    20  stm32f10x_tim.o(.text)
    TIM_ARRPreloadConfig                     0x08003669   Thumb Code    28  stm32f10x_tim.o(.text)
    TIM_SelectCOM                            0x08003685   Thumb Code    24  stm32f10x_tim.o(.text)
    TIM_SelectCCDMA                          0x0800369d   Thumb Code    24  stm32f10x_tim.o(.text)
    TIM_CCPreloadControl                     0x080036b5   Thumb Code    24  stm32f10x_tim.o(.text)
    TIM_OC1PreloadConfig                     0x080036cd   Thumb Code    12  stm32f10x_tim.o(.text)
    TIM_OC2PreloadConfig                     0x080036d9   Thumb Code    20  stm32f10x_tim.o(.text)
    TIM_OC3PreloadConfig                     0x080036ed   Thumb Code    12  stm32f10x_tim.o(.text)
    TIM_OC4PreloadConfig                     0x080036f9   Thumb Code    20  stm32f10x_tim.o(.text)
    TIM_OC1FastConfig                        0x0800370d   Thumb Code    12  stm32f10x_tim.o(.text)
    TIM_OC2FastConfig                        0x08003719   Thumb Code    20  stm32f10x_tim.o(.text)
    TIM_OC3FastConfig                        0x0800372d   Thumb Code    12  stm32f10x_tim.o(.text)
    TIM_OC4FastConfig                        0x08003739   Thumb Code    20  stm32f10x_tim.o(.text)
    TIM_ClearOC1Ref                          0x0800374d   Thumb Code    12  stm32f10x_tim.o(.text)
    TIM_ClearOC2Ref                          0x08003759   Thumb Code    20  stm32f10x_tim.o(.text)
    TIM_ClearOC3Ref                          0x0800376d   Thumb Code    12  stm32f10x_tim.o(.text)
    TIM_ClearOC4Ref                          0x08003779   Thumb Code    20  stm32f10x_tim.o(.text)
    TIM_OC1PolarityConfig                    0x0800378d   Thumb Code    12  stm32f10x_tim.o(.text)
    TIM_OC1NPolarityConfig                   0x08003799   Thumb Code    12  stm32f10x_tim.o(.text)
    TIM_OC2PolarityConfig                    0x080037a5   Thumb Code    20  stm32f10x_tim.o(.text)
    TIM_OC2NPolarityConfig                   0x080037b9   Thumb Code    20  stm32f10x_tim.o(.text)
    TIM_OC3PolarityConfig                    0x080037cd   Thumb Code    20  stm32f10x_tim.o(.text)
    TIM_OC3NPolarityConfig                   0x080037e1   Thumb Code    20  stm32f10x_tim.o(.text)
    TIM_OC4PolarityConfig                    0x080037f5   Thumb Code    20  stm32f10x_tim.o(.text)
    TIM_CCxCmd                               0x08003809   Thumb Code    28  stm32f10x_tim.o(.text)
    TIM_CCxNCmd                              0x08003825   Thumb Code    28  stm32f10x_tim.o(.text)
    TIM_SelectOCxM                           0x08003841   Thumb Code    72  stm32f10x_tim.o(.text)
    TIM_UpdateDisableConfig                  0x08003889   Thumb Code    28  stm32f10x_tim.o(.text)
    TIM_UpdateRequestConfig                  0x080038a5   Thumb Code    28  stm32f10x_tim.o(.text)
    TIM_SelectHallSensor                     0x080038c1   Thumb Code    24  stm32f10x_tim.o(.text)
    TIM_SelectOnePulseMode                   0x080038d9   Thumb Code    20  stm32f10x_tim.o(.text)
    TIM_SelectOutputTrigger                  0x080038ed   Thumb Code    16  stm32f10x_tim.o(.text)
    TIM_SelectSlaveMode                      0x080038fd   Thumb Code    16  stm32f10x_tim.o(.text)
    TIM_SelectMasterSlaveMode                0x0800390d   Thumb Code    16  stm32f10x_tim.o(.text)
    TIM_SetCounter                           0x0800391d   Thumb Code     4  stm32f10x_tim.o(.text)
    TIM_SetAutoreload                        0x08003921   Thumb Code     4  stm32f10x_tim.o(.text)
    TIM_SetCompare1                          0x08003925   Thumb Code     4  stm32f10x_tim.o(.text)
    TIM_SetCompare2                          0x08003929   Thumb Code     4  stm32f10x_tim.o(.text)
    TIM_SetCompare3                          0x0800392d   Thumb Code     4  stm32f10x_tim.o(.text)
    TIM_SetCompare4                          0x08003931   Thumb Code     6  stm32f10x_tim.o(.text)
    TIM_SetClockDivision                     0x08003937   Thumb Code    14  stm32f10x_tim.o(.text)
    TIM_GetCapture1                          0x08003945   Thumb Code     4  stm32f10x_tim.o(.text)
    TIM_GetCapture2                          0x08003949   Thumb Code     4  stm32f10x_tim.o(.text)
    TIM_GetCapture3                          0x0800394d   Thumb Code     4  stm32f10x_tim.o(.text)
    TIM_GetCapture4                          0x08003951   Thumb Code     6  stm32f10x_tim.o(.text)
    TIM_GetCounter                           0x08003957   Thumb Code     4  stm32f10x_tim.o(.text)
    TIM_GetPrescaler                         0x0800395b   Thumb Code     4  stm32f10x_tim.o(.text)
    TIM_GetFlagStatus                        0x0800395f   Thumb Code    14  stm32f10x_tim.o(.text)
    TIM_ClearFlag                            0x0800396d   Thumb Code     6  stm32f10x_tim.o(.text)
    TIM_GetITStatus                          0x08003973   Thumb Code    22  stm32f10x_tim.o(.text)
    TIM_ClearITPendingBit                    0x08003989   Thumb Code     6  stm32f10x_tim.o(.text)
    CPU_IntDis                               0x08003991   Thumb Code     0  cpu_a.o(.text)
    CPU_IntEn                                0x08003995   Thumb Code     0  cpu_a.o(.text)
    CPU_SR_Save                              0x08003999   Thumb Code     0  cpu_a.o(.text)
    CPU_SR_Restore                           0x080039a1   Thumb Code     0  cpu_a.o(.text)
    CPU_CntLeadZeros                         0x080039a7   Thumb Code     0  cpu_a.o(.text)
    CPU_RevBits                              0x080039ad   Thumb Code     0  cpu_a.o(.text)
    CPU_WaitForInt                           0x080039b3   Thumb Code     0  cpu_a.o(.text)
    CPU_WaitForExcept                        0x080039b7   Thumb Code     0  cpu_a.o(.text)
    CPU_BitBandClr                           0x080039bd   Thumb Code    50  cpu_c.o(.text)
    CPU_BitBandSet                           0x080039ef   Thumb Code    50  cpu_c.o(.text)
    CPU_IntSrcDis                            0x08003a21   Thumb Code   186  cpu_c.o(.text)
    CPU_IntSrcEn                             0x08003adb   Thumb Code   186  cpu_c.o(.text)
    CPU_IntSrcPrioSet                        0x08003b95   Thumb Code   306  cpu_c.o(.text)
    CPU_IntSrcPrioGet                        0x08003cc7   Thumb Code   274  cpu_c.o(.text)
    OS_StrCopy                               0x08003ded   Thumb Code    34  os_core.o(.text)
    OSEventNameGet                           0x08003e0f   Thumb Code    90  os_core.o(.text)
    OS_StrLen                                0x08003e69   Thumb Code    24  os_core.o(.text)
    OSEventNameSet                           0x08003e81   Thumb Code   106  os_core.o(.text)
    OS_EventTaskRemoveMulti                  0x08003eeb   Thumb Code    50  os_core.o(.text)
    OS_Sched                                 0x08003f35   Thumb Code    64  os_core.o(.text)
    OS_EventTaskWaitMulti                    0x08003f75   Thumb Code   102  os_core.o(.text)
    OSEventPendMulti                         0x08003fdb   Thumb Code   470  os_core.o(.text)
    OS_TaskStatStkChk                        0x080041b1   Thumb Code    54  os_core.o(.text)
    OS_TaskStat                              0x080041e7   Thumb Code   110  os_core.o(.text)
    OS_TaskIdle                              0x0800428d   Thumb Code    22  os_core.o(.text)
    OS_MemClr                                0x080042db   Thumb Code    20  os_core.o(.text)
    OSInit                                   0x080043b9   Thumb Code    46  os_core.o(.text)
    OSIntEnter                               0x080043e7   Thumb Code    20  os_core.o(.text)
    OSIntExit                                0x080043fb   Thumb Code    80  os_core.o(.text)
    OSSchedLock                              0x0800444b   Thumb Code    38  os_core.o(.text)
    OSSchedUnlock                            0x08004471   Thumb Code    66  os_core.o(.text)
    OSStart                                  0x080044b3   Thumb Code    38  os_core.o(.text)
    OSStatInit                               0x080044d9   Thumb Code    48  os_core.o(.text)
    OSTimeTick                               0x08004509   Thumb Code   186  os_core.o(.text)
    OSVersion                                0x080045c3   Thumb Code     6  os_core.o(.text)
    OS_Dummy                                 0x080045c9   Thumb Code     2  os_core.o(.text)
    OS_EventTaskRemove                       0x080045cb   Thumb Code    36  os_core.o(.text)
    OS_EventTaskRdy                          0x080045ef   Thumb Code   170  os_core.o(.text)
    OS_EventTaskWait                         0x08004699   Thumb Code    86  os_core.o(.text)
    OS_EventWaitListInit                     0x080046ef   Thumb Code    22  os_core.o(.text)
    OS_MemCopy                               0x08004705   Thumb Code    22  os_core.o(.text)
    OS_TCBInit                               0x0800471b   Thumb Code   254  os_core.o(.text)
    OSFlagAccept                             0x08004825   Thumb Code   216  os_flag.o(.text)
    OSFlagCreate                             0x080048fd   Thumb Code    78  os_flag.o(.text)
    OS_FlagUnlink                            0x0800494b   Thumb Code    34  os_flag.o(.text)
    OSFlagDel                                0x080049c1   Thumb Code   224  os_flag.o(.text)
    OSFlagNameGet                            0x08004aa1   Thumb Code    84  os_flag.o(.text)
    OSFlagNameSet                            0x08004af5   Thumb Code   100  os_flag.o(.text)
    OSFlagPend                               0x08004bc1   Thumb Code   604  os_flag.o(.text)
    OSFlagPendGetFlagsRdy                    0x08004e1d   Thumb Code    20  os_flag.o(.text)
    OSFlagPost                               0x08004e31   Thumb Code   244  os_flag.o(.text)
    OSFlagQuery                              0x08004f25   Thumb Code    38  os_flag.o(.text)
    OS_FlagInit                              0x08004f4b   Thumb Code    64  os_flag.o(.text)
    OSMboxAccept                             0x08004f99   Thumb Code    32  os_mbox.o(.text)
    OSMboxCreate                             0x08004fb9   Thumb Code    66  os_mbox.o(.text)
    OSMboxDel                                0x08004ffb   Thumb Code   210  os_mbox.o(.text)
    OSMboxPend                               0x080050cd   Thumb Code   202  os_mbox.o(.text)
    OSMboxPendAbort                          0x08005197   Thumb Code   116  os_mbox.o(.text)
    OSMboxPost                               0x0800520b   Thumb Code    78  os_mbox.o(.text)
    OSMboxPostOpt                            0x08005259   Thumb Code   122  os_mbox.o(.text)
    OSMboxQuery                              0x080052d3   Thumb Code    62  os_mbox.o(.text)
    OSSemAccept                              0x08005321   Thumb Code    34  os_sem.o(.text)
    OSSemCreate                              0x08005343   Thumb Code    66  os_sem.o(.text)
    OSSemDel                                 0x08005385   Thumb Code   210  os_sem.o(.text)
    OSSemPend                                0x08005457   Thumb Code   182  os_sem.o(.text)
    OSSemPendAbort                           0x0800550d   Thumb Code   116  os_sem.o(.text)
    OSSemPost                                0x08005581   Thumb Code    84  os_sem.o(.text)
    OSSemQuery                               0x080055d5   Thumb Code    68  os_sem.o(.text)
    OSSemSet                                 0x08005619   Thumb Code    56  os_sem.o(.text)
    OSTaskChangePrio                         0x08005661   Thumb Code   336  os_task.o(.text)
    OSTaskCreate                             0x080057b1   Thumb Code   136  os_task.o(.text)
    OS_TaskStkClr                            0x08005839   Thumb Code    30  os_task.o(.text)
    OSTaskCreateExt                          0x08005857   Thumb Code   158  os_task.o(.text)
    OSTaskDel                                0x080058f5   Thumb Code   300  os_task.o(.text)
    OSTaskDelReq                             0x08005a21   Thumb Code   132  os_task.o(.text)
    OSTaskNameGet                            0x08005aa5   Thumb Code   116  os_task.o(.text)
    OSTaskNameSet                            0x08005b19   Thumb Code   130  os_task.o(.text)
    OSTaskResume                             0x08005b9b   Thumb Code   150  os_task.o(.text)
    OSTaskStkChk                             0x08005c31   Thumb Code   134  os_task.o(.text)
    OSTaskSuspend                            0x08005cb7   Thumb Code   138  os_task.o(.text)
    OSTaskQuery                              0x08005d41   Thumb Code    74  os_task.o(.text)
    OSTimeDly                                0x08005da5   Thumb Code    76  os_time.o(.text)
    OSTimeDlyHMSM                            0x08005df1   Thumb Code   100  os_time.o(.text)
    OSTimeDlyResume                          0x08005e55   Thumb Code   166  os_time.o(.text)
    OSTimeGet                                0x08005efb   Thumb Code    18  os_time.o(.text)
    OSTimeSet                                0x08005f0d   Thumb Code    20  os_time.o(.text)
    OS_CPU_SR_Save                           0x08005f39   Thumb Code     0  os_cpu_a.o(.text)
    OS_CPU_SR_Restore                        0x08005f41   Thumb Code     0  os_cpu_a.o(.text)
    OSStartHighRdy                           0x08005f47   Thumb Code     0  os_cpu_a.o(.text)
    OSCtxSw                                  0x08005f67   Thumb Code     0  os_cpu_a.o(.text)
    OSIntCtxSw                               0x08005f71   Thumb Code     0  os_cpu_a.o(.text)
    OS_CPU_PendSVHandler                     0x08005f7b   Thumb Code     0  os_cpu_a.o(.text)
    OSInitHookBegin                          0x08005fdd   Thumb Code     2  os_cpu_c.o(.text)
    OSInitHookEnd                            0x08005fdf   Thumb Code     2  os_cpu_c.o(.text)
    OSTaskCreateHook                         0x08005fe1   Thumb Code     4  os_cpu_c.o(.text)
    OSTaskDelHook                            0x08005fe5   Thumb Code     4  os_cpu_c.o(.text)
    OSTaskIdleHook                           0x08005fe9   Thumb Code     4  os_cpu_c.o(.text)
    OSTaskStatHook                           0x08005fed   Thumb Code     4  os_cpu_c.o(.text)
    OSTaskStkInit                            0x08005ff1   Thumb Code   114  os_cpu_c.o(.text)
    OSTaskSwHook                             0x08006063   Thumb Code     4  os_cpu_c.o(.text)
    OSTCBInitHook                            0x08006067   Thumb Code     4  os_cpu_c.o(.text)
    OSTimeTickHook                           0x0800606b   Thumb Code     4  os_cpu_c.o(.text)
    OS_CPU_SysTickHandler                    0x0800606f   Thumb Code    30  os_cpu_c.o(.text)
    OS_CPU_SysTickInit                       0x0800608d   Thumb Code    40  os_cpu_c.o(.text)
    OSDebugInit                              0x080060b9   Thumb Code     2  os_dbg.o(.text)
    Str_Len                                  0x080060bb   Thumb Code    20  lib_str.o(.text)
    Str_Copy                                 0x080060cf   Thumb Code    52  lib_str.o(.text)
    Str_Copy_N                               0x08006103   Thumb Code    72  lib_str.o(.text)
    Str_Cat                                  0x0800614b   Thumb Code    68  lib_str.o(.text)
    Str_Cat_N                                0x0800618f   Thumb Code    94  lib_str.o(.text)
    Str_Cmp                                  0x080061ed   Thumb Code   118  lib_str.o(.text)
    Str_Cmp_N                                0x08006263   Thumb Code   144  lib_str.o(.text)
    Str_Char                                 0x080062f3   Thumb Code    36  lib_str.o(.text)
    Str_Char_N                               0x08006317   Thumb Code    66  lib_str.o(.text)
    Str_Char_Last                            0x08006359   Thumb Code    46  lib_str.o(.text)
    Str_Str                                  0x08006387   Thumb Code   122  lib_str.o(.text)
    Mem_Copy                                 0x08006401   Thumb Code     0  lib_mem_a.o(.text)
    OSProbe_SetCallback                      0x0800672d   Thumb Code     6  os_probe.o(.text)
    OSProbe_SetDelay                         0x08006733   Thumb Code     6  os_probe.o(.text)
    OSProbe_Init                             0x08006739   Thumb Code    32  os_probe.o(.text)
    OSProbe_TimeGetCycles                    0x08006759   Thumb Code    38  os_probe.o(.text)
    OSProbe_TaskCreateHook                   0x0800677f   Thumb Code    16  os_probe.o(.text)
    OSProbe_TaskSwHook                       0x0800678f   Thumb Code    28  os_probe.o(.text)
    OSProbe_TickHook                         0x080067ab   Thumb Code     2  os_probe.o(.text)
    ProbeCom_Init                            0x080067e1   Thumb Code    22  probe_com.o(.text)
    ProbeCom_ParseRxPkt                      0x08006b0b   Thumb Code   116  probe_com.o(.text)
    ProbeCom_InfoHndlrSet                    0x08006b7f   Thumb Code    20  probe_com.o(.text)
    ProbeRS232_RxTxISRHandler                0x08006b9d   Thumb Code    88  probe_rs232c.o(.text)
    ProbeRS232_InitTarget                    0x08006bf5   Thumb Code   154  probe_rs232c.o(.text)
    ProbeRS232_RxISRHandler                  0x08006c8f   Thumb Code     2  probe_rs232c.o(.text)
    ProbeRS232_RxIntDis                      0x08006c91   Thumb Code    12  probe_rs232c.o(.text)
    ProbeRS232_RxIntEn                       0x08006c9d   Thumb Code    12  probe_rs232c.o(.text)
    ProbeRS232_TxISRHandler                  0x08006ca9   Thumb Code     2  probe_rs232c.o(.text)
    ProbeRS232_Tx1                           0x08006cab   Thumb Code     8  probe_rs232c.o(.text)
    ProbeRS232_TxIntDis                      0x08006cb3   Thumb Code    12  probe_rs232c.o(.text)
    ProbeRS232_TxIntEn                       0x08006cbf   Thumb Code    12  probe_rs232c.o(.text)
    ProbeRS232_OS_Init                       0x08006cdd   Thumb Code    74  probe_rs232_os.o(.text)
    ProbeRS232_OS_Pend                       0x08006d27   Thumb Code    16  probe_rs232_os.o(.text)
    ProbeRS232_OS_Post                       0x08006d37   Thumb Code     8  probe_rs232_os.o(.text)
    ProbeRS232_Init                          0x08006d5d   Thumb Code    36  probe_rs232.o(.text)
    ProbeRS232_TxHandler                     0x08006d81   Thumb Code   230  probe_rs232.o(.text)
    ProbeRS232_Task                          0x08006e9d   Thumb Code    22  probe_rs232.o(.text)
    ProbeRS232_RxHandler                     0x08006ed1   Thumb Code   220  probe_rs232.o(.text)
    __aeabi_fmul                             0x08006fb9   Thumb Code   100  fmul.o(.text)
    __aeabi_fdiv                             0x0800701d   Thumb Code   124  fdiv.o(.text)
    __aeabi_ui2f                             0x08007099   Thumb Code    10  ffltui.o(.text)
    __I$use$fp                               0x080070a3   Thumb Code     0  iusefp.o(.text)
    _float_round                             0x080070a3   Thumb Code    18  fepilogue.o(.text)
    _float_epilogue                          0x080070b5   Thumb Code    92  fepilogue.o(.text)
    __scatterload                            0x08007111   Thumb Code    28  init.o(.text)
    __scatterload_rt2                        0x08007111   Thumb Code     0  init.o(.text)
    ResetHndlr                               0x08007135   Thumb Code     0  init.o(INIT)
    __scatterload_copy                       0x0800713d   Thumb Code    14  handlers.o(i.__scatterload_copy)
    __scatterload_null                       0x0800714b   Thumb Code     2  handlers.o(i.__scatterload_null)
    __scatterload_zeroinit                   0x0800714d   Thumb Code    14  handlers.o(i.__scatterload_zeroinit)
    ASCII_Table                              0x0800715a   Data        4560  lcd.o(.constdata)
    OSUnMapTbl                               0x0800833e   Data         256  os_core.o(.constdata)
    Region$$Table$$Base                      0x08008440   Number         0  anon$$obj.o(Region$$Table)
    Region$$Table$$Limit                     0x08008460   Number         0  anon$$obj.o(Region$$Table)
    OSCPUUsage                               0x20000044   Data           1  os_core.o(.data)
    OSStatRdy                                0x20000045   Data           1  os_core.o(.data)
    OSIntNesting                             0x20000046   Data           1  os_core.o(.data)
    OSLockNesting                            0x20000047   Data           1  os_core.o(.data)
    OSPrioCur                                0x20000048   Data           1  os_core.o(.data)
    OSPrioHighRdy                            0x20000049   Data           1  os_core.o(.data)
    OSRdyGrp                                 0x2000004a   Data           1  os_core.o(.data)
    OSRunning                                0x2000004b   Data           1  os_core.o(.data)
    OSTaskCtr                                0x2000004c   Data           1  os_core.o(.data)
    OSTickStepState                          0x2000004d   Data           1  os_core.o(.data)
    OSCtxSwCtr                               0x20000050   Data           4  os_core.o(.data)
    OSEventFreeList                          0x20000054   Data           4  os_core.o(.data)
    OSIdleCtrMax                             0x20000058   Data           4  os_core.o(.data)
    OSIdleCtrRun                             0x2000005c   Data           4  os_core.o(.data)
    OSRdyTbl                                 0x20000060   Data           4  os_core.o(.data)
    OSIdleCtr                                0x20000064   Data           4  os_core.o(.data)
    OSTCBCur                                 0x20000068   Data           4  os_core.o(.data)
    OSTCBFreeList                            0x2000006c   Data           4  os_core.o(.data)
    OSTCBHighRdy                             0x20000070   Data           4  os_core.o(.data)
    OSTCBList                                0x20000074   Data           4  os_core.o(.data)
    OSTime                                   0x20000078   Data           4  os_core.o(.data)
    OSFlagFreeList                           0x2000007c   Data           4  os_core.o(.data)
    OSProbe_Delay                            0x20000080   Data           2  os_probe.o(.data)
    OSProbe_TmrCntsPrev                      0x20000082   Data           2  os_probe.o(.data)
    OSProbe_CallbackFnct                     0x20000084   Data           4  os_probe.o(.data)
    OSProbe_CyclesCtr                        0x20000088   Data           4  os_probe.o(.data)
    ProbeCom_RxPktCtr                        0x2000008c   Data           4  probe_com.o(.data)
    ProbeCom_TxPktCtr                        0x20000090   Data           4  probe_com.o(.data)
    ProbeCom_TxSymCtr                        0x20000094   Data           4  probe_com.o(.data)
    ProbeCom_TxSymByteCtr                    0x20000098   Data           4  probe_com.o(.data)
    ProbeCom_ErrPktCtr                       0x2000009c   Data           4  probe_com.o(.data)
    ProbeRS232_RxCtr                         0x200000bc   Data           4  probe_rs232.o(.data)
    ProbeRS232_TxCtr                         0x200000c0   Data           4  probe_rs232.o(.data)
    OSEventTbl                               0x20000a40   Data         320  os_core.o(.bss)
    OSTaskStatStk                            0x20000b80   Data         512  os_core.o(.bss)
    OSTaskIdleStk                            0x20000d80   Data         512  os_core.o(.bss)
    OSTCBPrioTbl                             0x20000f80   Data         128  os_core.o(.bss)
    OSTCBTbl                                 0x20001000   Data        2024  os_core.o(.bss)
    OSFlagTbl                                0x200017e8   Data         140  os_core.o(.bss)
    OSProbe_TaskCPUUsage                     0x20001914   Data          80  os_probe.o(.bss)
    OSProbe_TaskStkUsage                     0x20001964   Data          80  os_probe.o(.bss)
    Image$$ARM_LIB_STACK$$ZI$$Limit          0x20004b00   Number         0  anon$$obj.o ABSOLUTE



==============================================================================

Memory Map of the image

  Image Entry point : 0x08007135

  Load Region LR_IROM1 (Base: 0x08000000, Size: 0x00008524, Max: 0x00020000, ABSOLUTE)

    Execution Region ER_IROM1 (Exec base: 0x08000000, Load base: 0x08000000, Size: 0x00008460, Max: 0x08020000, ABSOLUTE)

    Exec Addr    Load Addr    Size         Type   Attr      Idx    E Section Name        Object

    0x08000000   0x08000000   0x000000f8   Code   RO          155  * VECT                vectors.o
    0x080000f8   0x080000f8   0x00000000   Code   RO          722  * .ARM.Collect$$$$00000000  mc_w.l(entry.o)
    0x080000f8   0x080000f8   0x00000004   Code   RO          731    .ARM.Collect$$$$00000003  mc_w.l(entry4.o)
    0x080000fc   0x080000fc   0x00000004   Code   RO          734    .ARM.Collect$$$$00000004  mc_w.l(entry5.o)
    0x08000100   0x08000100   0x00000000   Code   RO          736    .ARM.Collect$$$$00000008  mc_w.l(entry7b.o)
    0x08000100   0x08000100   0x00000000   Code   RO          738    .ARM.Collect$$$$0000000A  mc_w.l(entry8b.o)
    0x08000100   0x08000100   0x00000008   Code   RO          739    .ARM.Collect$$$$0000000B  mc_w.l(entry9a.o)
    0x08000108   0x08000108   0x00000000   Code   RO          741    .ARM.Collect$$$$0000000D  mc_w.l(entry10a.o)
    0x08000108   0x08000108   0x00000000   Code   RO          743    .ARM.Collect$$$$0000000F  mc_w.l(entry11a.o)
    0x08000108   0x08000108   0x00000004   Code   RO          732    .ARM.Collect$$$$00002714  mc_w.l(entry4.o)
    0x0800010c   0x0800010c   0x00000720   Code   RO            3    .text               app.o
    0x0800082c   0x0800082c   0x000002e0   Code   RO          159    .text               bsp.o
    0x08000b0c   0x08000b0c   0x0000110c   Code   RO          181    .text               lcd.o
    0x08001c18   0x08001c18   0x00000160   Code   RO          263    .text               bsp_int.o
    0x08001d78   0x08001d78   0x000001d4   Code   RO          277    .text               bsp_periph.o
    0x08001f4c   0x08001f4c   0x00000314   Code   RO          313    .text               stm32f10x_spi.o
    0x08002260   0x08002260   0x00000314   Code   RO          337    .text               stm32f10x_rcc.o
    0x08002574   0x08002574   0x000003ac   Code   RO          352    .text               stm32f10x_adc.o
    0x08002920   0x08002920   0x0000003c   Code   RO          376    .text               stm32f10x_flash.o
    0x0800295c   0x0800295c   0x0000029c   Code   RO          388    .text               stm32f10x_gpio.o
    0x08002bf8   0x08002bf8   0x00000348   Code   RO          400    .text               stm32f10x_usart.o
    0x08002f40   0x08002f40   0x00000a4e   Code   RO          421    .text               stm32f10x_tim.o
    0x0800398e   0x0800398e   0x00000002   PAD
    0x08003990   0x08003990   0x0000002a   Code   RO          433    .text               cpu_a.o
    0x080039ba   0x080039ba   0x00000002   PAD
    0x080039bc   0x080039bc   0x00000430   Code   RO          436    .text               cpu_c.o
    0x08003dec   0x08003dec   0x00000a38   Code   RO          457    .text               os_core.o
    0x08004824   0x08004824   0x00000774   Code   RO          479    .text               os_flag.o
    0x08004f98   0x08004f98   0x00000388   Code   RO          491    .text               os_mbox.o
    0x08005320   0x08005320   0x00000340   Code   RO          521    .text               os_sem.o
    0x08005660   0x08005660   0x00000744   Code   RO          533    .text               os_task.o
    0x08005da4   0x08005da4   0x00000194   Code   RO          545    .text               os_time.o
    0x08005f38   0x08005f38   0x000000a4   Code   RO          563    .text               os_cpu_a.o
    0x08005fdc   0x08005fdc   0x000000dc   Code   RO          566    .text               os_cpu_c.o
    0x080060b8   0x080060b8   0x00000002   Code   RO          585    .text               os_dbg.o
    0x080060ba   0x080060ba   0x00000346   Code   RO          615    .text               lib_str.o
    0x08006400   0x08006400   0x00000220   Code   RO          630    .text               lib_mem_a.o
    0x08006620   0x08006620   0x000001c0   Code   RO          633    .text               os_probe.o
    0x080067e0   0x080067e0   0x000003bc   Code   RO          652    .text               probe_com.o
    0x08006b9c   0x08006b9c   0x0000013c   Code   RO          676    .text               probe_rs232c.o
    0x08006cd8   0x08006cd8   0x00000084   Code   RO          688    .text               probe_rs232_os.o
    0x08006d5c   0x08006d5c   0x0000025c   Code   RO          703    .text               probe_rs232.o
    0x08006fb8   0x08006fb8   0x00000064   Code   RO          725    .text               mf_w.l(fmul.o)
    0x0800701c   0x0800701c   0x0000007c   Code   RO          727    .text               mf_w.l(fdiv.o)
    0x08007098   0x08007098   0x0000000a   Code   RO          729    .text               mf_w.l(ffltui.o)
    0x080070a2   0x080070a2   0x00000000   Code   RO          745    .text               mc_w.l(iusefp.o)
    0x080070a2   0x080070a2   0x0000006e   Code   RO          746    .text               mf_w.l(fepilogue.o)
    0x08007110   0x08007110   0x00000024   Code   RO          748    .text               mc_w.l(init.o)
    0x08007134   0x08007134   0x00000008   Code   RO          260  * INIT                init.o
    0x0800713c   0x0800713c   0x0000000e   Code   RO          752    i.__scatterload_copy  mc_w.l(handlers.o)
    0x0800714a   0x0800714a   0x00000002   Code   RO          753    i.__scatterload_null  mc_w.l(handlers.o)
    0x0800714c   0x0800714c   0x0000000e   Code   RO          754    i.__scatterload_zeroinit  mc_w.l(handlers.o)
    0x0800715a   0x0800715a   0x000011d0   Data   RO          182    .constdata          lcd.o
    0x0800832a   0x0800832a   0x00000014   Data   RO          338    .constdata          stm32f10x_rcc.o
    0x0800833e   0x0800833e   0x00000100   Data   RO          460    .constdata          os_core.o
    0x0800843e   0x0800843e   0x00000002   PAD
    0x08008440   0x08008440   0x00000020   Data   RO          750    Region$$Table       anon$$obj.o


    Execution Region RW_IRAM1 (Exec base: 0x20000000, Load base: 0x08008460, Size: 0x000020b4, Max: 0x00004c00, ABSOLUTE)

    Exec Addr    Load Addr    Size         Type   Attr      Idx    E Section Name        Object

    0x20000000   0x08008460   0x00000034   Data   RW            5    .data               app.o
    0x20000034   0x08008494   0x00000008   Data   RW          183    .data               lcd.o
    0x2000003c   0x0800849c   0x00000008   Data   RW          339    .data               stm32f10x_rcc.o
    0x20000044   0x080084a4   0x00000038   Data   RW          461    .data               os_core.o
    0x2000007c   0x080084dc   0x00000004   Data   RW          462    .data               os_core.o
    0x20000080   0x080084e0   0x0000000c   Data   RW          635    .data               os_probe.o
    0x2000008c   0x080084ec   0x0000001c   Data   RW          653    .data               probe_com.o
    0x200000a8   0x08008508   0x00000004   Data   RW          690    .data               probe_rs232_os.o
    0x200000ac   0x0800850c   0x00000018   Data   RW          705    .data               probe_rs232.o
    0x200000c4        -       0x000008d2   Zero   RW            4    .bss                app.o
    0x20000996   0x08008524   0x00000002   PAD
    0x20000998        -       0x000000a8   Zero   RW          264    .bss                bsp_int.o
    0x20000a40        -       0x00000da8   Zero   RW          458    .bss                os_core.o
    0x200017e8        -       0x0000008c   Zero   RW          459    .bss                os_core.o
    0x20001874        -       0x00000340   Zero   RW          634    .bss                os_probe.o
    0x20001bb4        -       0x00000400   Zero   RW          689    .bss                probe_rs232_os.o
    0x20001fb4        -       0x00000100   Zero   RW          704    .bss                probe_rs232.o


    Execution Region ARM_LIB_HEAP (Exec base: 0x20004700, Load base: 0x08008524, Size: 0x00000200, Max: 0x00000200, ABSOLUTE)

    Exec Addr    Load Addr    Size         Type   Attr      Idx    E Section Name        Object

    0x20004700        -       0x00000200   Zero   RW            1    ARM_LIB_HEAP.bss    anon$$obj.o


    Execution Region ARM_LIB_STACK (Exec base: 0x20004900, Load base: 0x08008524, Size: 0x00000200, Max: 0x00000200, ABSOLUTE)

    Exec Addr    Load Addr    Size         Type   Attr      Idx    E Section Name        Object

    0x20004900        -       0x00000200   Zero   RW            2    ARM_LIB_STACK.bss   anon$$obj.o


==============================================================================

Image component sizes


      Code (inc. data)   RO Data    RW Data    ZI Data      Debug   Object Name

      1824        436          0         52       2258      81265   app.o
       736         44          0          0          0       3303   bsp.o
       352         12          0          0        168       7376   bsp_int.o
       468        118          0          0          0       1426   bsp_periph.o
        42          0          0          0          0        416   cpu_a.o
      1072         84          0          0          0      12051   cpu_c.o
         8          4          0          0          0        304   init.o
      4364         98       4560          8          0      83532   lcd.o
       544          0          0          0          0        564   lib_mem_a.o
       838          0          0          0          0       7396   lib_str.o
      2616         96        256         60       3636      20776   os_core.o
       164         32          0          0          0        484   os_cpu_a.o
       220          4          0          0          0      12819   os_cpu_c.o
         2          0          0          0          0        602   os_dbg.o
      1908         38          0          0          0       8892   os_flag.o
       904         16          0          0          0       4882   os_mbox.o
       448         52          0         12        832       4118   os_probe.o
       832         16          0          0          0       4602   os_sem.o
      1860         68          0          0          0       8337   os_task.o
       404         24          0          0          0       2118   os_time.o
       956         10          0         28          0       8847   probe_com.o
       604         36          0         24        256       5200   probe_rs232.o
       132         30          0          4       1024       2179   probe_rs232_os.o
       316         14          0          0          0       2643   probe_rs232c.o
       940         14          0          0          0      11869   stm32f10x_adc.o
        60          6          0          0          0        960   stm32f10x_flash.o
       668         14          0          0          0       5919   stm32f10x_gpio.o
       788         44         20          8          0       9636   stm32f10x_rcc.o
       788          6          0          0          0       7066   stm32f10x_spi.o
      2638          4          0          0          0      25772   stm32f10x_tim.o
       840          8          0          0          0       8503   stm32f10x_usart.o
       248        236          0          0          0        332   vectors.o

    ----------------------------------------------------------------------
     28588       1564       4870        196       9200     354189   Object Totals
         0          0         32          0       1024          0   (incl. Generated)
         4          0          2          0          2          0   (incl. Padding)

    ----------------------------------------------------------------------

      Code (inc. data)   RO Data    RW Data    ZI Data      Debug   Library Member Name

         0          0          0          0          0          0   entry.o
         0          0          0          0          0          0   entry10a.o
         0          0          0          0          0          0   entry11a.o
         8          4          0          0          0          0   entry4.o
         4          0          0          0          0          0   entry5.o
         0          0          0          0          0          0   entry7b.o
         0          0          0          0          0          0   entry8b.o
         8          4          0          0          0          0   entry9a.o
        30          0          0          0          0          0   handlers.o
        36          8          0          0          0         68   init.o
         0          0          0          0          0          0   iusefp.o
       124          0          0          0          0         88   fdiv.o
       110          0          0          0          0        168   fepilogue.o
        10          0          0          0          0         68   ffltui.o
       100          0          0          0          0         76   fmul.o

    ----------------------------------------------------------------------
       430         16          0          0          0        468   Library Totals
         0          0          0          0          0          0   (incl. Padding)

    ----------------------------------------------------------------------

      Code (inc. data)   RO Data    RW Data    ZI Data      Debug   Library Name

        86         16          0          0          0         68   mc_w.l
       344          0          0          0          0        400   mf_w.l

    ----------------------------------------------------------------------
       430         16          0          0          0        468   Library Totals

    ----------------------------------------------------------------------

==============================================================================


      Code (inc. data)   RO Data    RW Data    ZI Data      Debug   

     29018       1580       4870        196       9200     351949   Grand Totals
     29018       1580       4870        196       9200     351949   ELF Image Totals
     29018       1580       4870        196          0          0   ROM Totals

==============================================================================

    Total RO  Size (Code + RO Data)                33888 (  33.09kB)
    Total RW  Size (RW Data + ZI Data)              9396 (   9.18kB)
    Total ROM Size (Code + RO Data + RW Data)      34084 (  33.29kB)

==============================================================================

